     VMA      LMA     Size Align Out     In      Symbol
       0        0        0     1 RAM_START = 0x20000000
       0        0        0     1 RAM_LENGTH = 0x00080000
       0        0        0     1 FLASH_START = 0x00000000
       0        0        0     1 FLASH_LENGTH = 0x00200000
       0        0        0     1 DATA_FLASH_START = 0x08000000
       0        0        0     1 DATA_FLASH_LENGTH = 0x00002000
       0        0        0     1 QSPI_FLASH_START = 0x60000000
       0        0        0     1 QSPI_FLASH_LENGTH = 0x04000000
       0        0        0     1 OSPI0_CS0_START = 0x68000000
       0        0        0     1 OSPI0_CS0_LENGTH = 0x08000000
       0        0        0     1 OSPI0_CS1_START = 0x70000000
       0        0        0     1 OSPI0_CS1_LENGTH = 0x10000000
       0        0        0     1 OPTION_SETTING_OFS0_START = 0x0100a100
       0        0        0     1 OPTION_SETTING_OFS0_LENGTH = 0x00000004
       0        0        0     1 OPTION_SETTING_DUALSEL_START = 0x0100a110
       0        0        0     1 OPTION_SETTING_DUALSEL_LENGTH = 0x00000004
       0        0        0     1 OPTION_SETTING_OFS1_START = 0x0100a180
       0        0        0     1 OPTION_SETTING_OFS1_LENGTH = 0x00000004
       0        0        0     1 OPTION_SETTING_BANKSEL_START = 0x0100a190
       0        0        0     1 OPTION_SETTING_BANKSEL_LENGTH = 0x00000004
       0        0        0     1 OPTION_SETTING_BPS_START = 0x0100a1c0
       0        0        0     1 OPTION_SETTING_BPS_LENGTH = 0x00000010
       0        0        0     1 OPTION_SETTING_PBPS_START = 0x0100a1e0
       0        0        0     1 OPTION_SETTING_PBPS_LENGTH = 0x00000010
       0        0        0     1 OPTION_SETTING_OFS1_SEC_START = 0x0100a200
       0        0        0     1 OPTION_SETTING_OFS1_SEC_LENGTH = 0x00000004
       0        0        0     1 OPTION_SETTING_BANKSEL_SEC_START = 0x0100a210
       0        0        0     1 OPTION_SETTING_BANKSEL_SEC_LENGTH = 0x00000004
       0        0        0     1 OPTION_SETTING_BPS_SEC_START = 0x0100a240
       0        0        0     1 OPTION_SETTING_BPS_SEC_LENGTH = 0x00000010
       0        0        0     1 OPTION_SETTING_PBPS_SEC_START = 0x0100a260
       0        0        0     1 OPTION_SETTING_PBPS_SEC_LENGTH = 0x00000010
       0        0        0     1 OPTION_SETTING_OFS1_SEL_START = 0x0100a280
       0        0        0     1 OPTION_SETTING_OFS1_SEL_LENGTH = 0x00000004
       0        0        0     1 OPTION_SETTING_BANKSEL_SEL_START = 0x0100a290
       0        0        0     1 OPTION_SETTING_BANKSEL_SEL_LENGTH = 0x00000004
       0        0        0     1 OPTION_SETTING_BPS_SEL_START = 0x0100a2c0
       0        0        0     1 OPTION_SETTING_BPS_SEL_LENGTH = 0x00000010
60000000 60000000        0     1 .qspi_flash.startof
60000000 60000000        0     1         __ddsc_QSPI_FLASH_START = .
68000000 68000000        0     1 .ospi0_cs0.startof
68000000 68000000        0     1         __ddsc_OSPI0_CS0_START = .
68000000 68000000        0     1 __ospi0_cs0_from_qspi_flash$$
68000000 68000000        0     1         __ospi0_cs0_from_qspi_flash$$Base = .
68000000 68000000        0     1         __ospi0_cs0_from_qspi_flash$$Load = LOADADDR(__ospi0_cs0_from_qspi_flash$$)
68000000 68000000        0     1         __ospi0_cs0_from_qspi_flash$$Limit = .
20000000 20000000        0     1 .ram.startof
20000000 20000000        0     1         __ddsc_RAM_START = .
20000000 20000000        0     1 __ram_dtc_vector$$
20000000 20000000        0     1         __ram_dtc_vector$$Base = .
20000000 20000000        0     1         __ram_dtc_vector$$Limit = .
20000000 20000000        0     1 __ram_from_qspi_flash$$
20000000 20000000        0     1         __ram_from_qspi_flash$$Base = .
20000000 20000000        0     1         __ram_from_qspi_flash$$Load = LOADADDR(__ram_from_qspi_flash$$)
20000000 20000000        0     1         __ram_from_qspi_flash$$Limit = .
60000000 60000000        0     1 __qspi_flash_readonly$$
60000000 60000000        0     1         __qspi_flash_readonly$$Base = .
60000000 60000000        0     1         __qspi_flash_readonly$$Limit = .
60000000 60000000        0     1 __qspi_flash_noinit$$
60000000 60000000        0     1         __qspi_flash_noinit$$Base = .
60000000 60000000        0     1         __qspi_flash_noinit$$Limit = .
60000000 60000000        0     1 .qspi_flash.endof
60000000 60000000        0     1         __ddsc_QSPI_FLASH_END = .
70000000 70000000        0     1 .ospi0_cs1.startof
70000000 70000000        0     1         __ddsc_OSPI0_CS1_START = .
68000000 68000000        0     1 __ospi0_cs0_from_ospi0_cs1$$
68000000 68000000        0     1         __ospi0_cs0_from_ospi0_cs1$$Base = .
68000000 68000000        0     1         __ospi0_cs0_from_ospi0_cs1$$Load = LOADADDR(__ospi0_cs0_from_ospi0_cs1$$)
68000000 68000000        0     1         __ospi0_cs0_from_ospi0_cs1$$Limit = .
20000000 20000000        0     1 __ram_from_ospi0_cs1$$
20000000 20000000        0     1         __ram_from_ospi0_cs1$$Base = .
20000000 20000000        0     1         __ram_from_ospi0_cs1$$Load = LOADADDR(__ram_from_ospi0_cs1$$)
20000000 20000000        0     1         __ram_from_ospi0_cs1$$Limit = .
70000000 70000000        0     1 __ospi0_cs1_readonly$$
70000000 70000000        0     1         __ospi0_cs1_readonly$$Base = .
70000000 70000000        0     1         __ospi0_cs1_readonly$$Limit = .
70000000 70000000        0     1 __ospi0_cs1_noinit$$
70000000 70000000        0     1         __ospi0_cs1_noinit$$Base = .
70000000 70000000        0     1         __ospi0_cs1_noinit$$Limit = .
70000000 70000000        0     1 .ospi0_cs1.endof
70000000 70000000        0     1         __ddsc_OSPI0_CS1_END = .
 8000000  8000000        0     1 .data_flash.startof
 8000000  8000000        0     1         __ddsc_DATA_FLASH_START = .
68000000 68000000        0     1 __ospi0_cs0_from_data_flash$$
68000000 68000000        0     1         __ospi0_cs0_from_data_flash$$Base = .
68000000 68000000        0     1         __ospi0_cs0_from_data_flash$$Load = LOADADDR(__ospi0_cs0_from_data_flash$$)
68000000 68000000        0     1         __ospi0_cs0_from_data_flash$$Limit = .
20000000 20000000        0     1 __ram_from_data_flash$$
20000000 20000000        0     1         __ram_from_data_flash$$Base = .
20000000 20000000        0     1         __ram_from_data_flash$$Load = LOADADDR(__ram_from_data_flash$$)
20000000 20000000        0     1         __ram_from_data_flash$$Limit = .
 8000000  8000000        0     1 __data_flash_readonly$$
 8000000  8000000        0     1         __data_flash_readonly$$Base = .
 8000000  8000000        0     1         __data_flash_readonly$$Limit = .
 8000000  8000000        0     1 __data_flash_noinit$$
 8000000  8000000        0     1         __data_flash_noinit$$Base = .
 8000000  8000000        0     1         __data_flash_noinit$$Limit = .
 8000000  8000000        0     1 .data_flash.endof
 8000000  8000000        0     1         __ddsc_DATA_FLASH_END = .
       0        0        0     1 .flash.startof
       0        0        0     1         __ddsc_FLASH_START = .
       0        0       40     4 __flash_vectors$$
       0        0        0     1         __flash_vectors$$Base = .
       0        0        0     1         _VECTORS = .
       0        0       40     4         ./ra/fsp/src/bsp/cmsis/Device/RENESAS/Source/startup.o:(.fixed_vectors)
       0        0       40     1                 __Vectors
      40       40        0     1         __flash_vectors$$Limit = .
      40       40        0     1 __flash_noinit$$
      40       40        0     1         __flash_noinit$$Base = .
      40       40        0     1         __flash_noinit$$Limit = .
68000000 68000000        0     1 __ospi0_cs0_from_flash$$
68000000 68000000        0     1         __ospi0_cs0_from_flash$$Base = .
68000000 68000000        0     1         __ospi0_cs0_from_flash$$Load = LOADADDR(__ospi0_cs0_from_flash$$)
68000000 68000000        0     1         __ospi0_cs0_from_flash$$Limit = .
68000000 68000000        0     1 __ospi0_cs0_noinit_nocache$$
68000000 68000000        0     1         __ospi0_cs0_noinit_nocache$$Base = .
68000000 68000000        0     1         __ospi0_cs0_noinit_nocache$$Limit = .
68000000 68000000        0     1 __ospi0_cs0_zero_nocache$$
68000000 68000000        0     1         __ospi0_cs0_zero_nocache$$Base = .
68000000 68000000        0     1         . = ALIGN(32)
68000000 68000000        0     1         __ospi0_cs0_zero_nocache$$Limit = .
68000000 68000000        0     1 __ospi0_cs0_noinit$$
68000000 68000000        0     1         __ospi0_cs0_noinit$$Base = .
68000000 68000000        0     1         __ospi0_cs0_noinit$$Limit = .
68000000 68000000        0     1 __ospi0_cs0_zero$$
68000000 68000000        0     1         __ospi0_cs0_zero$$Base = .
68000000 68000000        0     1         __ospi0_cs0_zero$$Limit = .
68000000 68000000        0     1 .ospi0_cs0.endof
68000000 68000000        0     1         __ddsc_OSPI0_CS0_END = .
20000000 20000000        0     1 __ram_from_flash$$
20000000 20000000        0     1         __ram_from_flash$$Base = .
20000000 20000000        0     1         __ram_from_flash$$Load = LOADADDR(__ram_from_flash$$)
20000000 20000000        0     1         __ram_from_flash$$Limit = .
20000000 20000000        0     1 __ram_noinit_nocache$$
20000000 20000000        0     1         __ram_noinit_nocache$$Base = .
20000000 20000000        0     1         __ram_noinit_nocache$$Limit = .
20000000 20000000        0     1 __ram_zero_nocache$$
20000000 20000000        0     1         __ram_zero_nocache$$Base = .
20000000 20000000        0     1         . = ALIGN(32)
20000000 20000000        0     1         __ram_zero_nocache$$Limit = .
20000000 20000000      41c     8 __ram_noinit$$
20000000 20000000        0     1         __ram_noinit$$Base = .
20000000 20000000      400     8         ./ra/fsp/src/bsp/cmsis/Device/RENESAS/Source/startup.o:(.bss.g_main_stack)
20000000 20000000      400     1                 g_main_stack
20000400 20000400       1c     4         ./ra/fsp/src/bsp/mcu/all/bsp_clocks.o:(.ram_noinit)
20000400 20000400       1c     1                 g_clock_freq
2000041c 2000041c        0     1         __ram_noinit$$Limit = .
2000041c 2000041c       60     4 __ram_zero$$
2000041c 2000041c        0     1         __ram_zero$$Base = .
2000041c 2000041c        8     4         ./ra_gen/common_data.o:(.bss.g_ioport_ctrl)
2000041c 2000041c        8     1                 g_ioport_ctrl
20000424 20000424       40     4         ./ra/fsp/src/bsp/mcu/all/bsp_group_irq.o:(.bss.g_bsp_group_irq_sources)
20000424 20000424       40     1                 g_bsp_group_irq_sources
20000464 20000464        4     4         ./ra/fsp/src/bsp/mcu/all/bsp_io.o:(.bss.g_protect_pfswe_counter)
20000464 20000464        4     1                 g_protect_pfswe_counter
20000468 20000468        a     2         ./ra/fsp/src/bsp/mcu/all/bsp_register_protection.o:(.bss.g_protect_counters)
20000468 20000468        a     1                 g_protect_counters
20000474 20000474        4     4         ./ra/fsp/src/bsp/cmsis/Device/RENESAS/Source/system.o:(.bss.SystemCoreClock)
20000474 20000474        4     1                 SystemCoreClock
20000478 20000478        4     4         D:\Renesas\toolchains\llvm_arm\ATfE-21.1.1-Windows-x86_64\bin\..\lib\clang-runtimes/arm-none-eabi/armv8m.main_hard_fp_exn_rtti_unaligned_size\lib\libc.a(libc_picolib_machine_arm_tls.c.o):(.bss.__tls)
20000478 20000478        4     1                 __tls
2000047c 2000047c        0     1         __ram_zero$$Limit = .
2000047c 2000047c        0     1 __ram_tdata$$
2000047c 2000047c        0     1         __ram_tdata$$Base = .
2000047c 2000047c        0     1         __ram_tdata$$Load = LOADADDR(__ram_tdata$$)
2000047c 2000047c        0     1         __ram_tdata$$Limit = .
2000047c 2000047c        0     1 __ram_tbss$$
2000047c 2000047c        0     1         __ram_tbss$$Base = .
2000047c 2000047c        0     1         __ram_tbss$$Limit = .
20000480 20000480        0     1 __ram_thread_stack$$
20000480 20000480        0     1         __ram_thread_stack$$Base = .
20000480 20000480        0     1         __ram_thread_stack$$Limit = .
20000800 20000800        0     1 .ram.endof
20000800 20000800        0     1         __ddsc_RAM_END = .
20000800 20000800        0     1 .ram.flat_nsc
20000800 20000800        0     1         __ddsc_RAM_NSC = .
      40       40      b4e     4 __flash_readonly$$
      40       40        0     1         __flash_readonly$$Base = .
      40       40        2     2         ./src/hal_entry.o:(.text.hal_entry)
      40       40        0     1                 $t
      41       41        2     1                 hal_entry
      42       42       1a     2         ./src/hal_warmstart.o:(.text.R_BSP_WarmStart)
      42       42        0     1                 $t
      43       43       1a     1                 R_BSP_WarmStart
      5c       5c        a     2         ./ra_gen/main.o:(.text.main)
      5c       5c        0     1                 $t
      5d       5d        a     1                 main
      66       66       16     2         ./ra/fsp/src/r_ioport/r_ioport.o:(.text.R_IOPORT_Open)
      66       66        0     1                 $t
      67       67       16     1                 R_IOPORT_Open
      7c       7c       be     4         ./ra/fsp/src/r_ioport/r_ioport.o:(.text.r_ioport_pins_config)
      7c       7c        0     1                 $t
      7d       7d       be     1                 r_ioport_pins_config
     13c      13c       ce     4         ./ra/fsp/src/r_ioport/r_ioport.o:(.text.bsp_vbatt_init)
     13c      13c        0     1                 $t
     13d      13d       ce     1                 bsp_vbatt_init
     20a      20a       2c     2         ./ra/fsp/src/bsp/mcu/all/bsp_clocks.o:(.text.SystemCoreClockUpdate)
     20a      20a        0     1                 $t
     20b      20b       2c     1                 SystemCoreClockUpdate
     238      238      138     4         ./ra/fsp/src/bsp/mcu/all/bsp_clocks.o:(.text.bsp_clock_init)
     238      238        0     1                 $t
     239      239      138     1                 bsp_clock_init
     370      370        2     2         ./ra/fsp/src/bsp/mcu/all/bsp_clocks.o:(.text.R_BSP_SubClockStabilizeWaitAfterReset)
     370      370        0     1                 $t
     371      371        2     1                 R_BSP_SubClockStabilizeWaitAfterReset
     374      374       7a     4         ./ra/fsp/src/bsp/mcu/all/bsp_clocks.o:(.text.R_BSP_Init_RTC)
     374      374        0     1                 $t
     375      375       7a     1                 R_BSP_Init_RTC
     3ee      3ee       84     2         ./ra/fsp/src/bsp/mcu/all/bsp_delay.o:(.text.R_BSP_SoftwareDelay)
     3ee      3ee        0     1                 $t
     3ef      3ef       84     1                 R_BSP_SoftwareDelay
     472      472        8     2         ./ra/fsp/src/bsp/mcu/all/bsp_delay.o:(.text.bsp_prv_software_delay_loop)
     472      472        0     1                 sw_delay_loop
     472      472        0     1                 $t
     473      473        8     1                 bsp_prv_software_delay_loop
     47c      47c       44     4         ./ra/fsp/src/bsp/mcu/all/bsp_group_irq.o:(.text.NMI_Handler)
     47c      47c        0     1                 $t
     47d      47d       44     1                 NMI_Handler
     4c0      4c0       6a     4         ./ra/fsp/src/bsp/mcu/all/bsp_irq.o:(.text.bsp_irq_cfg)
     4c0      4c0        0     1                 $t
     4c1      4c1       6a     1                 bsp_irq_cfg
     52a      52a       52     2         ./ra/fsp/src/bsp/mcu/all/bsp_register_protection.o:(.text.R_BSP_RegisterProtectEnable)
     52a      52a        0     1                 $t
     52b      52b       52     1                 R_BSP_RegisterProtectEnable
     57c      57c       4e     2         ./ra/fsp/src/bsp/mcu/all/bsp_register_protection.o:(.text.R_BSP_RegisterProtectDisable)
     57c      57c        0     1                 $t
     57d      57d       4e     1                 R_BSP_RegisterProtectDisable
     5cc      5cc        a     4         ./ra/fsp/src/bsp/cmsis/Device/RENESAS/Source/startup.o:(.text.Reset_Handler)
     5cc      5cc        0     1                 $t
     5cd      5cd        a     1                 Reset_Handler
     5d6      5d6        4     2         ./ra/fsp/src/bsp/cmsis/Device/RENESAS/Source/startup.o:(.text.Default_Handler)
     5d6      5d6        0     1                 $t
     5d7      5d7        4     1                 Default_Handler
     5d7      5d7        4     1                 HardFault_Handler
     5d7      5d7        4     1                 MemManage_Handler
     5d7      5d7        4     1                 BusFault_Handler
     5d7      5d7        4     1                 UsageFault_Handler
     5d7      5d7        4     1                 SecureFault_Handler
     5d7      5d7        4     1                 SVC_Handler
     5d7      5d7        4     1                 DebugMon_Handler
     5d7      5d7        4     1                 PendSV_Handler
     5d7      5d7        4     1                 SysTick_Handler
     5dc      5dc       e0     4         ./ra/fsp/src/bsp/cmsis/Device/RENESAS/Source/system.o:(.text.SystemInit)
     5dc      5dc        0     1                 $t
     5dd      5dd       e0     1                 SystemInit
     6bc      6bc       5a     4         ./ra/fsp/src/bsp/cmsis/Device/RENESAS/Source/system.o:(.text.SystemRuntimeInit)
     6bc      6bc        0     1                 $t
     6bd      6bd       5a     1                 SystemRuntimeInit
     716      716        2     2         ./ra/board/ra6m5_ek/board_init.o:(.text.bsp_init)
     716      716        0     1                 $t
     717      717        2     1                 bsp_init
     718      718        8     2         D:\Renesas\toolchains\llvm_arm\ATfE-21.1.1-Windows-x86_64\bin\..\lib\clang-runtimes/arm-none-eabi/armv8m.main_hard_fp_exn_rtti_unaligned_size\lib\libc.a(bzero.c.o):(.text.bzero)
     718      718        0     1                 $t
     719      719        8     1                 bzero
     719      719        8     1                 __aeabi_memclr4
     719      719        8     1                 __aeabi_memclr8
     719      719        8     1                 __aeabi_memclr
     720      720       12     2         D:\Renesas\toolchains\llvm_arm\ATfE-21.1.1-Windows-x86_64\bin\..\lib\clang-runtimes/arm-none-eabi/armv8m.main_hard_fp_exn_rtti_unaligned_size\lib\libc.a(memcpy.c.o):(.text.memcpy)
     720      720        0     1                 $t
     721      721       12     1                 memcpy
     721      721       12     1                 __aeabi_memcpy4
     721      721       12     1                 __aeabi_memcpy8
     721      721       12     1                 __aeabi_memcpy
     732      732        e     2         D:\Renesas\toolchains\llvm_arm\ATfE-21.1.1-Windows-x86_64\bin\..\lib\clang-runtimes/arm-none-eabi/armv8m.main_hard_fp_exn_rtti_unaligned_size\lib\libc.a(memset.c.o):(.text.memset)
     732      732        0     1                 $t
     733      733        e     1                 memset
     740      740       28     4         D:\Renesas\toolchains\llvm_arm\ATfE-21.1.1-Windows-x86_64\bin\..\lib\clang-runtimes/arm-none-eabi/armv8m.main_hard_fp_exn_rtti_unaligned_size\lib\libc.a(libc_picolib_inittls.c.o):(.text._init_tls)
     740      740        0     1                 $t
     741      741       28     1                 _init_tls
     758      758        0     1                 $d
     768      768       14     4         D:\Renesas\toolchains\llvm_arm\ATfE-21.1.1-Windows-x86_64\bin\..\lib\clang-runtimes/arm-none-eabi/armv8m.main_hard_fp_exn_rtti_unaligned_size\lib\libc.a(libc_picolib_machine_arm_set_tls.c.o):(.text._set_tls)
     768      768        0     1                 $t
     769      769       14     1                 _set_tls
     774      774        0     1                 $d
     77c      77c      2b0     4         ./ra_gen/pin_data.o:(.rodata.g_bsp_pin_cfg_data)
     77c      77c      2b0     1                 g_bsp_pin_cfg_data
     a2c      a2c        c     4         ./ra_gen/pin_data.o:(.rodata.g_bsp_pin_cfg)
     a2c      a2c        c     1                 g_bsp_pin_cfg
     a38      a38        6     2         ./ra/fsp/src/r_ioport/r_ioport.o:(.rodata.g_vbatt_pins_input)
     a38      a38        6     1                 g_vbatt_pins_input
     a40      a40       10     4         ./ra/fsp/src/bsp/mcu/ra6m5/bsp_linker.o:(.rodata.nocache_list)
     a40      a40       10     1                 nocache_list
     a50      a50       18     4         ./ra/fsp/src/bsp/mcu/ra6m5/bsp_linker.o:(.rodata.g_init_info)
     a50      a50       18     1                 g_init_info
     a68      a68       3c     4         ./ra/fsp/src/bsp/mcu/ra6m5/bsp_linker.o:(.rodata.zero_list)
     a68      a68       3c     1                 zero_list
     aa4      aa4       90     4         ./ra/fsp/src/bsp/mcu/ra6m5/bsp_linker.o:(.rodata.copy_list)
     aa4      aa4       90     1                 copy_list
     b34      b34        2     2         ./ra/fsp/src/bsp/mcu/all/bsp_irq.o:(.rodata.g_interrupt_event_link_select)
     b34      b34        2     1                 g_interrupt_event_link_select
     b36      b36        a     2         ./ra/fsp/src/bsp/mcu/all/bsp_register_protection.o:(.rodata.g_prcr_masks)
     b36      b36        a     1                 g_prcr_masks
     b40      b40       4e     4         ./ra/fsp/src/bsp/mcu/all/bsp_common.o:(.version)
     b40      b40        4     1                 g_fsp_version
     b44      b44        6     1                 g_fsp_version_string
     b4a      b4a       44     1                 g_fsp_version_build_string
     b8e      b8e        0     1         __flash_readonly$$Limit = .
     b8e      b8e        0     1 __flash_preinit_array$$
     b8e      b8e        0     1         __preinit_array_start = .
     b8e      b8e        0     1         __preinit_array_end = .
     b8e      b8e        0     1 __flash_init_array$$
     b8e      b8e        0     1         __init_array_start = .
     b8e      b8e        0     1         __init_array_end = .
     b8e      b8e        0     1 __flash_fini_array$$
     b8e      b8e        0     1         __fini_array_start = .
     b8e      b8e        0     1         __fini_array_end = .
     b8e      b8e        0     1 __flash_arm.exidx$$
     b8e      b8e        0     1         __exidx_start = .
     b8e      b8e        0     1         __exidx_end = .
     c00      c00        0     1 .flash.endof
     c00      c00        0     1         __ddsc_FLASH_END = .
     c00      c00        0     1 .flash.flat_nsc
     c00      c00        0     1         __ddsc_FLASH_NSC = .
 100a100  100a100        0     1 .option_setting_ofs0.startof
 100a100  100a100        0     1         __ddsc_OPTION_SETTING_OFS0_START = .
 100a100  100a100        4     4 __option_setting_ofs0_reg$$
 100a100  100a100        0     1         __option_setting_ofs0_reg$$Base = .
 100a100  100a100        4     4         ./ra/fsp/src/bsp/mcu/ra6m5/bsp_linker.o:(.option_setting_ofs0)
 100a100  100a100        4     1                 g_bsp_cfg_option_setting_ofs0
 100a104  100a104        0     1         __option_setting_ofs0_reg$$Limit = .
 100a104  100a104        0     1 .option_setting_ofs0.endof
 100a104  100a104        0     1         __ddsc_OPTION_SETTING_OFS0_END = .
 100a110  100a110        0     1 .option_setting_dualsel.startof
 100a110  100a110        0     1         __ddsc_OPTION_SETTING_DUALSEL_START = .
 100a110  100a110        0     1 __option_setting_dualsel_reg$$
 100a110  100a110        0     1         __option_setting_dualsel_reg$$Base = .
 100a110  100a110        0     1         __option_setting_dualsel_reg$$Limit = .
 100a110  100a110        0     1 .option_setting_dualsel.endof
 100a110  100a110        0     1         __ddsc_OPTION_SETTING_DUALSEL_END = .
 100a180  100a180        0     1 .option_setting_ofs1.startof
 100a180  100a180        0     1         __ddsc_OPTION_SETTING_OFS1_START = .
 100a180  100a180        0     1 __option_setting_ofs1_reg$$
 100a180  100a180        0     1         __option_setting_ofs1_reg$$Base = .
 100a180  100a180        0     1         __option_setting_ofs1_reg$$Limit = .
 100a180  100a180        0     1 .option_setting_ofs1.endof
 100a180  100a180        0     1         __ddsc_OPTION_SETTING_OFS1_END = .
 100a190  100a190        0     1 .option_setting_banksel.startof
 100a190  100a190        0     1         __ddsc_OPTION_SETTING_BANKSEL_START = .
 100a190  100a190        0     1 __option_setting_banksel_reg$$
 100a190  100a190        0     1         __option_setting_banksel_reg$$Base = .
 100a190  100a190        0     1         __option_setting_banksel_reg$$Limit = .
 100a190  100a190        0     1 .option_setting_banksel.endof
 100a190  100a190        0     1         __ddsc_OPTION_SETTING_BANKSEL_END = .
 100a1c0  100a1c0        0     1 .option_setting_bps.startof
 100a1c0  100a1c0        0     1         __ddsc_OPTION_SETTING_BPS_START = .
 100a1c0  100a1c0        0     1 __option_setting_bps_reg$$
 100a1c0  100a1c0        0     1         __option_setting_bps_reg$$Base = .
 100a1c0  100a1c0        0     1         __option_setting_bps_reg$$Limit = .
 100a1c0  100a1c0        0     1 .option_setting_bps.endof
 100a1c0  100a1c0        0     1         __ddsc_OPTION_SETTING_BPS_END = .
 100a1e0  100a1e0        0     1 .option_setting_pbps.startof
 100a1e0  100a1e0        0     1         __ddsc_OPTION_SETTING_PBPS_START = .
 100a1e0  100a1e0        0     1 __option_setting_pbps_reg$$
 100a1e0  100a1e0        0     1         __option_setting_pbps_reg$$Base = .
 100a1e0  100a1e0        0     1         __option_setting_pbps_reg$$Limit = .
 100a1e0  100a1e0        0     1 .option_setting_pbps.endof
 100a1e0  100a1e0        0     1         __ddsc_OPTION_SETTING_PBPS_END = .
 100a200  100a200        0     1 .option_setting_ofs1_sec.startof
 100a200  100a200        0     1         __ddsc_OPTION_SETTING_OFS1_SEC_START = .
 100a200  100a200        4     4 __option_setting_ofs1_sec_reg$$
 100a200  100a200        0     1         __option_setting_ofs1_sec_reg$$Base = .
 100a200  100a200        4     4         ./ra/fsp/src/bsp/mcu/ra6m5/bsp_linker.o:(.option_setting_ofs1_sec)
 100a200  100a200        4     1                 g_bsp_cfg_option_setting_ofs1_sec
 100a204  100a204        0     1         __option_setting_ofs1_sec_reg$$Limit = .
 100a204  100a204        0     1 .option_setting_ofs1_sec.endof
 100a204  100a204        0     1         __ddsc_OPTION_SETTING_OFS1_SEC_END = .
 100a210  100a210        0     1 .option_setting_banksel_sec.startof
 100a210  100a210        0     1         __ddsc_OPTION_SETTING_BANKSEL_SEC_START = .
 100a210  100a210        0     1 __option_setting_banksel_sec_reg$$
 100a210  100a210        0     1         __option_setting_banksel_sec_reg$$Base = .
 100a210  100a210        0     1         __option_setting_banksel_sec_reg$$Limit = .
 100a210  100a210        0     1 .option_setting_banksel_sec.endof
 100a210  100a210        0     1         __ddsc_OPTION_SETTING_BANKSEL_SEC_END = .
 100a240  100a240        0     1 .option_setting_bps_sec.startof
 100a240  100a240        0     1         __ddsc_OPTION_SETTING_BPS_SEC_START = .
 100a240  100a240        0     1 __option_setting_bps_sec_reg$$
 100a240  100a240        0     1         __option_setting_bps_sec_reg$$Base = .
 100a240  100a240        0     1         __option_setting_bps_sec_reg$$Limit = .
 100a240  100a240        0     1 .option_setting_bps_sec.endof
 100a240  100a240        0     1         __ddsc_OPTION_SETTING_BPS_SEC_END = .
 100a260  100a260        0     1 .option_setting_pbps_sec.startof
 100a260  100a260        0     1         __ddsc_OPTION_SETTING_PBPS_SEC_START = .
 100a260  100a260        0     1 __option_setting_pbps_sec_reg$$
 100a260  100a260        0     1         __option_setting_pbps_sec_reg$$Base = .
 100a260  100a260        0     1         __option_setting_pbps_sec_reg$$Limit = .
 100a260  100a260        0     1 .option_setting_pbps_sec.endof
 100a260  100a260        0     1         __ddsc_OPTION_SETTING_PBPS_SEC_END = .
 100a280  100a280        0     1 .option_setting_ofs1_sel.startof
 100a280  100a280        0     1         __ddsc_OPTION_SETTING_OFS1_SEL_START = .
 100a280  100a280        4     4 __option_setting_ofs1_sel_reg$$
 100a280  100a280        0     1         __option_setting_ofs1_sel_reg$$Base = .
 100a280  100a280        4     4         ./ra/fsp/src/bsp/mcu/ra6m5/bsp_linker.o:(.option_setting_ofs1_sel)
 100a280  100a280        4     1                 g_bsp_cfg_option_setting_ofs1_sel
 100a284  100a284        0     1         __option_setting_ofs1_sel_reg$$Limit = .
 100a284  100a284        0     1 .option_setting_ofs1_sel.endof
 100a284  100a284        0     1         __ddsc_OPTION_SETTING_OFS1_SEL_END = .
 100a290  100a290        0     1 .option_setting_banksel_sel.startof
 100a290  100a290        0     1         __ddsc_OPTION_SETTING_BANKSEL_SEL_START = .
 100a290  100a290        0     1 __option_setting_banksel_sel_reg$$
 100a290  100a290        0     1         __option_setting_banksel_sel_reg$$Base = .
 100a290  100a290        0     1         __option_setting_banksel_sel_reg$$Limit = .
 100a290  100a290        0     1 .option_setting_banksel_sel.endof
 100a290  100a290        0     1         __ddsc_OPTION_SETTING_BANKSEL_SEL_END = .
 100a2c0  100a2c0        0     1 .option_setting_bps_sel.startof
 100a2c0  100a2c0        0     1         __ddsc_OPTION_SETTING_BPS_SEL_START = .
 100a2c0  100a2c0        0     1 __option_setting_bps_sel_reg$$
 100a2c0  100a2c0        0     1         __option_setting_bps_sel_reg$$Base = .
 100a2c0  100a2c0        0     1         __option_setting_bps_sel_reg$$Limit = .
 100a2c0  100a2c0        0     1 .option_setting_bps_sel.endof
 100a2c0  100a2c0        0     1         __ddsc_OPTION_SETTING_BPS_SEL_END = .
 100a2c0  100a2c0        0     1 PROVIDE( __tls_base = ADDR (__ram_tdata$$))
 100a2c0  100a2c0        0     1 PROVIDE( __tdata_source = LOADADDR (__ram_tdata$$))
 100a2c0  100a2c0        0     1 PROVIDE( __tdata_size = SIZEOF (__ram_tdata$$))
 100a2c0  100a2c0        0     1 PROVIDE( __tbss_offset = ADDR (__ram_tbss$$) - ADDR (__ram_tdata$$))
 100a2c0  100a2c0        0     1 PROVIDE( __tbss_size = SIZEOF (__ram_tbss$$))
 100a2c0  100a2c0        0     1 PROVIDE( __arm32_tls_tcb_offset = 8)
       0        0       3e     1 .ARM.attributes
       0        0       3e     1         D:\Renesas\toolchains\llvm_arm\ATfE-21.1.1-Windows-x86_64\bin\..\lib\clang-runtimes/arm-none-eabi/armv8m.main_hard_fp_exn_rtti_unaligned_size\lib\crt0.o:(.ARM.attributes)
       0        0     1642     1 .debug_abbrev
       0        0       2f     1         ./src/hal_entry.o:(.debug_abbrev)
      2f       2f      106     1         ./src/hal_warmstart.o:(.debug_abbrev)
     135      135      10d     1         ./ra_gen/common_data.o:(.debug_abbrev)
     242      242       4d     1         ./ra_gen/hal_data.o:(.debug_abbrev)
     28f      28f       3c     1         ./ra_gen/main.o:(.debug_abbrev)
     2cb      2cb       e6     1         ./ra_gen/pin_data.o:(.debug_abbrev)
     3b1      3b1      32c     1         ./ra/fsp/src/r_ioport/r_ioport.o:(.debug_abbrev)
     6dd      6dd       a2     1         ./ra/fsp/src/bsp/mcu/ra6m5/bsp_linker.o:(.debug_abbrev)
     77f      77f      2fc     1         ./ra/fsp/src/bsp/mcu/all/bsp_clocks.o:(.debug_abbrev)
     a7b      a7b      149     1         ./ra/fsp/src/bsp/mcu/all/bsp_common.o:(.debug_abbrev)
     bc4      bc4       ad     1         ./ra/fsp/src/bsp/mcu/all/bsp_delay.o:(.debug_abbrev)
     c71      c71      1ff     1         ./ra/fsp/src/bsp/mcu/all/bsp_group_irq.o:(.debug_abbrev)
     e70      e70       44     1         ./ra/fsp/src/bsp/mcu/all/bsp_io.o:(.debug_abbrev)
     eb4      eb4      1a4     1         ./ra/fsp/src/bsp/mcu/all/bsp_irq.o:(.debug_abbrev)
    1058     1058      209     1         ./ra/fsp/src/bsp/mcu/all/bsp_register_protection.o:(.debug_abbrev)
    1261     1261       67     1         ./ra/fsp/src/bsp/mcu/all/bsp_sbrk.o:(.debug_abbrev)
    12c8     12c8       a7     1         ./ra/fsp/src/bsp/cmsis/Device/RENESAS/Source/startup.o:(.debug_abbrev)
    136f     136f      1ff     1         ./ra/fsp/src/bsp/cmsis/Device/RENESAS/Source/system.o:(.debug_abbrev)
    156e     156e       43     1         ./ra/board/ra6m5_ek/board_init.o:(.debug_abbrev)
    15b1     15b1       91     1         ./ra/board/ra6m5_ek/board_leds.o:(.debug_abbrev)
       0        0    13472     1 .debug_info
       0        0       2f     1         ./src/hal_entry.o:(.debug_info)
      2f       2f      9fb     1         ./src/hal_warmstart.o:(.debug_info)
     a2a      a2a      bf4     1         ./ra_gen/common_data.o:(.debug_info)
    161e     161e       3a     1         ./ra_gen/hal_data.o:(.debug_info)
    1658     1658       37     1         ./ra_gen/main.o:(.debug_info)
    168f     168f      49c     1         ./ra_gen/pin_data.o:(.debug_info)
    1b2b     1b2b     5e16     1         ./ra/fsp/src/r_ioport/r_ioport.o:(.debug_info)
    7941     7941      1ea     1         ./ra/fsp/src/bsp/mcu/ra6m5/bsp_linker.o:(.debug_info)
    7b2b     7b2b     5189     1         ./ra/fsp/src/bsp/mcu/all/bsp_clocks.o:(.debug_info)
    ccb4     ccb4      59c     1         ./ra/fsp/src/bsp/mcu/all/bsp_common.o:(.debug_info)
    d250     d250      104     1         ./ra/fsp/src/bsp/mcu/all/bsp_delay.o:(.debug_info)
    d354     d354      dba     1         ./ra/fsp/src/bsp/mcu/all/bsp_group_irq.o:(.debug_info)
    e10e     e10e       43     1         ./ra/fsp/src/bsp/mcu/all/bsp_io.o:(.debug_info)
    e151     e151     17c0     1         ./ra/fsp/src/bsp/mcu/all/bsp_irq.o:(.debug_info)
    f911     f911     2ec8     1         ./ra/fsp/src/bsp/mcu/all/bsp_register_protection.o:(.debug_info)
   127d9    127d9       5f     1         ./ra/fsp/src/bsp/mcu/all/bsp_sbrk.o:(.debug_info)
   12838    12838       b1     1         ./ra/fsp/src/bsp/cmsis/Device/RENESAS/Source/startup.o:(.debug_info)
   128e9    128e9      ac6     1         ./ra/fsp/src/bsp/cmsis/Device/RENESAS/Source/system.o:(.debug_info)
   133af    133af       3b     1         ./ra/board/ra6m5_ek/board_init.o:(.debug_info)
   133ea    133ea       88     1         ./ra/board/ra6m5_ek/board_leds.o:(.debug_info)
       0        0     6810     1 .debug_str_offsets
       0        0       18     1         ./src/hal_entry.o:(.debug_str_offsets)
      18       18      820     1         ./src/hal_warmstart.o:(.debug_str_offsets)
     838      838      8c0     1         ./ra_gen/common_data.o:(.debug_str_offsets)
    10f8     10f8       1c     1         ./ra_gen/hal_data.o:(.debug_str_offsets)
    1114     1114       1c     1         ./ra_gen/main.o:(.debug_str_offsets)
    1130     1130      428     1         ./ra_gen/pin_data.o:(.debug_str_offsets)
    1558     1558     1adc     1         ./ra/fsp/src/r_ioport/r_ioport.o:(.debug_str_offsets)
    3034     3034       a0     1         ./ra/fsp/src/bsp/mcu/ra6m5/bsp_linker.o:(.debug_str_offsets)
    30d4     30d4     12a8     1         ./ra/fsp/src/bsp/mcu/all/bsp_clocks.o:(.debug_str_offsets)
    437c     437c      468     1         ./ra/fsp/src/bsp/mcu/all/bsp_common.o:(.debug_str_offsets)
    47e4     47e4       74     1         ./ra/fsp/src/bsp/mcu/all/bsp_delay.o:(.debug_str_offsets)
    4858     4858      698     1         ./ra/fsp/src/bsp/mcu/all/bsp_group_irq.o:(.debug_str_offsets)
    4ef0     4ef0       24     1         ./ra/fsp/src/bsp/mcu/all/bsp_io.o:(.debug_str_offsets)
    4f14     4f14      94c     1         ./ra/fsp/src/bsp/mcu/all/bsp_irq.o:(.debug_str_offsets)
    5860     5860      bac     1         ./ra/fsp/src/bsp/mcu/all/bsp_register_protection.o:(.debug_str_offsets)
    640c     640c       2c     1         ./ra/fsp/src/bsp/mcu/all/bsp_sbrk.o:(.debug_str_offsets)
    6438     6438       3c     1         ./ra/fsp/src/bsp/cmsis/Device/RENESAS/Source/startup.o:(.debug_str_offsets)
    6474     6474      344     1         ./ra/fsp/src/bsp/cmsis/Device/RENESAS/Source/system.o:(.debug_str_offsets)
    67b8     67b8       1c     1         ./ra/board/ra6m5_ek/board_init.o:(.debug_str_offsets)
    67d4     67d4       3c     1         ./ra/board/ra6m5_ek/board_leds.o:(.debug_str_offsets)
       0        0     9dd5     1 .debug_str
       0        0     9dd5     1         <internal>:(.debug_str)
       0        0      2cc     1 .debug_addr
       0        0        c     1         ./src/hal_entry.o:(.debug_addr)
       c        c       10     1         ./src/hal_warmstart.o:(.debug_addr)
      1c       1c       14     1         ./ra_gen/common_data.o:(.debug_addr)
      30       30        c     1         ./ra_gen/hal_data.o:(.debug_addr)
      3c       3c        c     1         ./ra_gen/main.o:(.debug_addr)
      48       48       10     1         ./ra_gen/pin_data.o:(.debug_addr)
      58       58       94     1         ./ra/fsp/src/r_ioport/r_ioport.o:(.debug_addr)
      ec       ec       24     1         ./ra/fsp/src/bsp/mcu/ra6m5/bsp_linker.o:(.debug_addr)
     110      110       90     1         ./ra/fsp/src/bsp/mcu/all/bsp_clocks.o:(.debug_addr)
     1a0      1a0       20     1         ./ra/fsp/src/bsp/mcu/all/bsp_common.o:(.debug_addr)
     1c0      1c0       20     1         ./ra/fsp/src/bsp/mcu/all/bsp_delay.o:(.debug_addr)
     1e0      1e0       1c     1         ./ra/fsp/src/bsp/mcu/all/bsp_group_irq.o:(.debug_addr)
     1fc      1fc        c     1         ./ra/fsp/src/bsp/mcu/all/bsp_io.o:(.debug_addr)
     208      208       20     1         ./ra/fsp/src/bsp/mcu/all/bsp_irq.o:(.debug_addr)
     228      228       30     1         ./ra/fsp/src/bsp/mcu/all/bsp_register_protection.o:(.debug_addr)
     258      258        c     1         ./ra/fsp/src/bsp/mcu/all/bsp_sbrk.o:(.debug_addr)
     264      264       1c     1         ./ra/fsp/src/bsp/cmsis/Device/RENESAS/Source/startup.o:(.debug_addr)
     280      280       30     1         ./ra/fsp/src/bsp/cmsis/Device/RENESAS/Source/system.o:(.debug_addr)
     2b0      2b0        c     1         ./ra/board/ra6m5_ek/board_init.o:(.debug_addr)
     2bc      2bc       10     1         ./ra/board/ra6m5_ek/board_leds.o:(.debug_addr)
       0        0       29     1 .comment
       0        0       29     1         <internal>:(.comment)
       0        0      54c     4 .debug_frame
       0        0       24     4         ./src/hal_entry.o:(.debug_frame)
      24       24       24     4         ./src/hal_warmstart.o:(.debug_frame)
      48       48       24     4         ./ra_gen/common_data.o:(.debug_frame)
      6c       6c       24     4         ./ra_gen/hal_data.o:(.debug_frame)
      90       90       2c     4         ./ra_gen/main.o:(.debug_frame)
      bc       bc      158     4         ./ra/fsp/src/r_ioport/r_ioport.o:(.debug_frame)
     214      214      104     4         ./ra/fsp/src/bsp/mcu/all/bsp_clocks.o:(.debug_frame)
     318      318       44     4         ./ra/fsp/src/bsp/mcu/all/bsp_common.o:(.debug_frame)
     35c      35c       34     4         ./ra/fsp/src/bsp/mcu/all/bsp_delay.o:(.debug_frame)
     390      390       44     4         ./ra/fsp/src/bsp/mcu/all/bsp_group_irq.o:(.debug_frame)
     3d4      3d4       34     4         ./ra/fsp/src/bsp/mcu/all/bsp_irq.o:(.debug_frame)
     408      408       3c     4         ./ra/fsp/src/bsp/mcu/all/bsp_register_protection.o:(.debug_frame)
     444      444       2c     4         ./ra/fsp/src/bsp/mcu/all/bsp_sbrk.o:(.debug_frame)
     470      470       34     4         ./ra/fsp/src/bsp/cmsis/Device/RENESAS/Source/startup.o:(.debug_frame)
     4a4      4a4       60     4         ./ra/fsp/src/bsp/cmsis/Device/RENESAS/Source/system.o:(.debug_frame)
     504      504       24     4         ./ra/board/ra6m5_ek/board_init.o:(.debug_frame)
     528      528       24     4         D:\Renesas\toolchains\llvm_arm\ATfE-21.1.1-Windows-x86_64\bin\..\lib\clang-runtimes/arm-none-eabi/armv8m.main_hard_fp_exn_rtti_unaligned_size\lib\libc.a(libc_picolib_machine_arm_read_tp.S.o):(.debug_frame)
       0        0     19b3     1 .debug_line
       0        0       6e     1         ./src/hal_entry.o:(.debug_line)
      6e       6e      115     1         ./src/hal_warmstart.o:(.debug_line)
     183      183       f4     1         ./ra_gen/common_data.o:(.debug_line)
     277      277       81     1         ./ra_gen/hal_data.o:(.debug_line)
     2f8      2f8       71     1         ./ra_gen/main.o:(.debug_line)
     369      369       b8     1         ./ra_gen/pin_data.o:(.debug_line)
     421      421      5ac     1         ./ra/fsp/src/r_ioport/r_ioport.o:(.debug_line)
     9cd      9cd       a3     1         ./ra/fsp/src/bsp/mcu/ra6m5/bsp_linker.o:(.debug_line)
     a70      a70      555     1         ./ra/fsp/src/bsp/mcu/all/bsp_clocks.o:(.debug_line)
     fc5      fc5      10a     1         ./ra/fsp/src/bsp/mcu/all/bsp_common.o:(.debug_line)
    10cf     10cf      148     1         ./ra/fsp/src/bsp/mcu/all/bsp_delay.o:(.debug_line)
    1217     1217      131     1         ./ra/fsp/src/bsp/mcu/all/bsp_group_irq.o:(.debug_line)
    1348     1348       8a     1         ./ra/fsp/src/bsp/mcu/all/bsp_io.o:(.debug_line)
    13d2     13d2       c9     1         ./ra/fsp/src/bsp/mcu/all/bsp_irq.o:(.debug_line)
    149b     149b      112     1         ./ra/fsp/src/bsp/mcu/all/bsp_register_protection.o:(.debug_line)
    15ad     15ad       af     1         ./ra/fsp/src/bsp/mcu/all/bsp_sbrk.o:(.debug_line)
    165c     165c       bb     1         ./ra/fsp/src/bsp/cmsis/Device/RENESAS/Source/startup.o:(.debug_line)
    1717     1717      18b     1         ./ra/fsp/src/bsp/cmsis/Device/RENESAS/Source/system.o:(.debug_line)
    18a2     18a2       6e     1         ./ra/board/ra6m5_ek/board_init.o:(.debug_line)
    1910     1910       a3     1         ./ra/board/ra6m5_ek/board_leds.o:(.debug_line)
       0        0      9d4     1 .debug_line_str
       0        0      9d4     1         <internal>:(.debug_line_str)
       0        0      949     1 .debug_loclists
       0        0       1e     1         ./src/hal_warmstart.o:(.debug_loclists)
      1e       1e      4d6     1         ./ra/fsp/src/r_ioport/r_ioport.o:(.debug_loclists)
     4f4      4f4      21c     1         ./ra/fsp/src/bsp/mcu/all/bsp_clocks.o:(.debug_loclists)
     710      710       1d     1         ./ra/fsp/src/bsp/mcu/all/bsp_common.o:(.debug_loclists)
     72d      72d      10e     1         ./ra/fsp/src/bsp/mcu/all/bsp_delay.o:(.debug_loclists)
     83b      83b       35     1         ./ra/fsp/src/bsp/mcu/all/bsp_group_irq.o:(.debug_loclists)
     870      870       17     1         ./ra/fsp/src/bsp/mcu/all/bsp_irq.o:(.debug_loclists)
     887      887       44     1         ./ra/fsp/src/bsp/mcu/all/bsp_register_protection.o:(.debug_loclists)
     8cb      8cb       1e     1         ./ra/fsp/src/bsp/mcu/all/bsp_sbrk.o:(.debug_loclists)
     8e9      8e9       60     1         ./ra/fsp/src/bsp/cmsis/Device/RENESAS/Source/system.o:(.debug_loclists)
       0        0      153     1 .debug_rnglists
       0        0       4e     1         ./ra/fsp/src/r_ioport/r_ioport.o:(.debug_rnglists)
      4e       4e       5c     1         ./ra/fsp/src/bsp/mcu/all/bsp_clocks.o:(.debug_rnglists)
      aa       aa       1a     1         ./ra/fsp/src/bsp/mcu/all/bsp_common.o:(.debug_rnglists)
      c4       c4       18     1         ./ra/fsp/src/bsp/mcu/all/bsp_delay.o:(.debug_rnglists)
      dc       dc       17     1         ./ra/fsp/src/bsp/mcu/all/bsp_group_irq.o:(.debug_rnglists)
      f3       f3       17     1         ./ra/fsp/src/bsp/mcu/all/bsp_irq.o:(.debug_rnglists)
     10a      10a       17     1         ./ra/fsp/src/bsp/mcu/all/bsp_register_protection.o:(.debug_rnglists)
     121      121       17     1         ./ra/fsp/src/bsp/cmsis/Device/RENESAS/Source/startup.o:(.debug_rnglists)
     138      138       1b     1         ./ra/fsp/src/bsp/cmsis/Device/RENESAS/Source/system.o:(.debug_rnglists)
       0        0     1410     4 .symtab
       0        0     1410     4         <internal>:(.symtab)
       0        0      925     1 .shstrtab
       0        0      925     1         <internal>:(.shstrtab)
       0        0     1a2b     1 .strtab
       0        0     1a2b     1         <internal>:(.strtab)

Cross Reference Table

Symbol                                            File
memcpy                                            D:\Renesas\toolchains\llvm_arm\ATfE-21.1.1-Windows-x86_64\bin\..\lib\clang-runtimes/arm-none-eabi/armv8m.main_hard_fp_exn_rtti_unaligned_size\lib\libc.a(memcpy.c.o)
                                                  D:\Renesas\toolchains\llvm_arm\ATfE-21.1.1-Windows-x86_64\bin\..\lib\clang-runtimes/arm-none-eabi/armv8m.main_hard_fp_exn_rtti_unaligned_size\lib\crt0.o
memset                                            D:\Renesas\toolchains\llvm_arm\ATfE-21.1.1-Windows-x86_64\bin\..\lib\clang-runtimes/arm-none-eabi/armv8m.main_hard_fp_exn_rtti_unaligned_size\lib\libc.a(memset.c.o)
                                                  D:\Renesas\toolchains\llvm_arm\ATfE-21.1.1-Windows-x86_64\bin\..\lib\clang-runtimes/arm-none-eabi/armv8m.main_hard_fp_exn_rtti_unaligned_size\lib\crt0.o
                                                  D:\Renesas\toolchains\llvm_arm\ATfE-21.1.1-Windows-x86_64\bin\..\lib\clang-runtimes/arm-none-eabi/armv8m.main_hard_fp_exn_rtti_unaligned_size\lib\libc.a(bzero.c.o)
_set_tls                                          D:\Renesas\toolchains\llvm_arm\ATfE-21.1.1-Windows-x86_64\bin\..\lib\clang-runtimes/arm-none-eabi/armv8m.main_hard_fp_exn_rtti_unaligned_size\lib\libc.a(libc_picolib_machine_arm_set_tls.c.o)
                                                  D:\Renesas\toolchains\llvm_arm\ATfE-21.1.1-Windows-x86_64\bin\..\lib\clang-runtimes/arm-none-eabi/armv8m.main_hard_fp_exn_rtti_unaligned_size\lib\crt0.o
                                                  ./ra/fsp/src/bsp/cmsis/Device/RENESAS/Source/system.o
main                                              ./ra_gen/main.o
                                                  D:\Renesas\toolchains\llvm_arm\ATfE-21.1.1-Windows-x86_64\bin\..\lib\clang-runtimes/arm-none-eabi/armv8m.main_hard_fp_exn_rtti_unaligned_size\lib\crt0.o
                                                  ./ra/fsp/src/bsp/cmsis/Device/RENESAS/Source/startup.o
__tls_base                                        fsp_gen.lld:690
                                                  D:\Renesas\toolchains\llvm_arm\ATfE-21.1.1-Windows-x86_64\bin\..\lib\clang-runtimes/arm-none-eabi/armv8m.main_hard_fp_exn_rtti_unaligned_size\lib\crt0.o
                                                  ./ra/fsp/src/bsp/cmsis/Device/RENESAS/Source/system.o
hal_entry                                         ./src/hal_entry.o
                                                  ./ra_gen/main.o
R_BSP_WarmStart                                   ./src/hal_warmstart.o
                                                  ./ra/fsp/src/bsp/cmsis/Device/RENESAS/Source/system.o
g_ioport_ctrl                                     ./ra_gen/common_data.o
                                                  ./src/hal_warmstart.o
g_bsp_pin_cfg                                     ./ra_gen/pin_data.o
                                                  ./src/hal_warmstart.o
                                                  ./ra_gen/common_data.o
R_IOPORT_Open                                     ./ra/fsp/src/r_ioport/r_ioport.o
                                                  ./src/hal_warmstart.o
g_bsp_pin_cfg_data                                ./ra_gen/pin_data.o
g_protect_pfswe_counter                           ./ra/fsp/src/bsp/mcu/all/bsp_io.o
                                                  ./ra/fsp/src/r_ioport/r_ioport.o
R_BSP_RegisterProtectDisable                      ./ra/fsp/src/bsp/mcu/all/bsp_register_protection.o
                                                  ./ra/fsp/src/r_ioport/r_ioport.o
                                                  ./ra/fsp/src/bsp/mcu/all/bsp_clocks.o
                                                  ./ra/fsp/src/bsp/mcu/all/bsp_irq.o
                                                  ./ra/fsp/src/bsp/cmsis/Device/RENESAS/Source/system.o
R_BSP_RegisterProtectEnable                       ./ra/fsp/src/bsp/mcu/all/bsp_register_protection.o
                                                  ./ra/fsp/src/r_ioport/r_ioport.o
                                                  ./ra/fsp/src/bsp/mcu/all/bsp_clocks.o
                                                  ./ra/fsp/src/bsp/mcu/all/bsp_irq.o
                                                  ./ra/fsp/src/bsp/cmsis/Device/RENESAS/Source/system.o
R_BSP_SoftwareDelay                               ./ra/fsp/src/bsp/mcu/all/bsp_delay.o
                                                  ./ra/fsp/src/r_ioport/r_ioport.o
                                                  ./ra/fsp/src/bsp/mcu/all/bsp_clocks.o
__ospi0_cs0_noinit_nocache$$Base                  fsp_gen.lld:236
                                                  ./ra/fsp/src/bsp/mcu/ra6m5/bsp_linker.o
__ospi0_cs0_zero_nocache$$Limit                   fsp_gen.lld:248
                                                  ./ra/fsp/src/bsp/mcu/ra6m5/bsp_linker.o
__ram_noinit_nocache$$Base                        fsp_gen.lld:288
                                                  ./ra/fsp/src/bsp/mcu/ra6m5/bsp_linker.o
__ram_zero_nocache$$Limit                         fsp_gen.lld:300
                                                  ./ra/fsp/src/bsp/mcu/ra6m5/bsp_linker.o
g_init_info                                       ./ra/fsp/src/bsp/mcu/ra6m5/bsp_linker.o
                                                  ./ra/fsp/src/bsp/cmsis/Device/RENESAS/Source/system.o
__ospi0_cs0_zero_nocache$$Base                    fsp_gen.lld:244
                                                  ./ra/fsp/src/bsp/mcu/ra6m5/bsp_linker.o
__ospi0_cs0_zero$$Base                            fsp_gen.lld:261
                                                  ./ra/fsp/src/bsp/mcu/ra6m5/bsp_linker.o
__ospi0_cs0_zero$$Limit                           fsp_gen.lld:264
                                                  ./ra/fsp/src/bsp/mcu/ra6m5/bsp_linker.o
__ram_zero_nocache$$Base                          fsp_gen.lld:296
                                                  ./ra/fsp/src/bsp/mcu/ra6m5/bsp_linker.o
__ram_zero$$Base                                  fsp_gen.lld:316
                                                  ./ra/fsp/src/bsp/mcu/ra6m5/bsp_linker.o
__ram_zero$$Limit                                 fsp_gen.lld:320
                                                  ./ra/fsp/src/bsp/mcu/ra6m5/bsp_linker.o
__ram_tbss$$Base                                  fsp_gen.lld:334
                                                  ./ra/fsp/src/bsp/mcu/ra6m5/bsp_linker.o
__ram_tbss$$Limit                                 fsp_gen.lld:339
                                                  ./ra/fsp/src/bsp/mcu/ra6m5/bsp_linker.o
__ospi0_cs0_from_qspi_flash$$Base                 fsp_gen.lld:44
                                                  ./ra/fsp/src/bsp/mcu/ra6m5/bsp_linker.o
__ospi0_cs0_from_qspi_flash$$Limit                fsp_gen.lld:49
                                                  ./ra/fsp/src/bsp/mcu/ra6m5/bsp_linker.o
__ospi0_cs0_from_qspi_flash$$Load                 fsp_gen.lld:44
                                                  ./ra/fsp/src/bsp/mcu/ra6m5/bsp_linker.o
__ospi0_cs0_from_ospi0_cs1$$Base                  fsp_gen.lld:107
                                                  ./ra/fsp/src/bsp/mcu/ra6m5/bsp_linker.o
__ospi0_cs0_from_ospi0_cs1$$Limit                 fsp_gen.lld:112
                                                  ./ra/fsp/src/bsp/mcu/ra6m5/bsp_linker.o
__ospi0_cs0_from_ospi0_cs1$$Load                  fsp_gen.lld:107
                                                  ./ra/fsp/src/bsp/mcu/ra6m5/bsp_linker.o
__ospi0_cs0_from_data_flash$$Base                 fsp_gen.lld:159
                                                  ./ra/fsp/src/bsp/mcu/ra6m5/bsp_linker.o
__ospi0_cs0_from_data_flash$$Limit                fsp_gen.lld:164
                                                  ./ra/fsp/src/bsp/mcu/ra6m5/bsp_linker.o
__ospi0_cs0_from_data_flash$$Load                 fsp_gen.lld:159
                                                  ./ra/fsp/src/bsp/mcu/ra6m5/bsp_linker.o
__ospi0_cs0_from_flash$$Base                      fsp_gen.lld:226
                                                  ./ra/fsp/src/bsp/mcu/ra6m5/bsp_linker.o
__ospi0_cs0_from_flash$$Limit                     fsp_gen.lld:231
                                                  ./ra/fsp/src/bsp/mcu/ra6m5/bsp_linker.o
__ospi0_cs0_from_flash$$Load                      fsp_gen.lld:226
                                                  ./ra/fsp/src/bsp/mcu/ra6m5/bsp_linker.o
__ram_from_qspi_flash$$Base                       fsp_gen.lld:67
                                                  ./ra/fsp/src/bsp/mcu/ra6m5/bsp_linker.o
__ram_from_qspi_flash$$Limit                      fsp_gen.lld:72
                                                  ./ra/fsp/src/bsp/mcu/ra6m5/bsp_linker.o
__ram_from_qspi_flash$$Load                       fsp_gen.lld:67
                                                  ./ra/fsp/src/bsp/mcu/ra6m5/bsp_linker.o
__ram_from_ospi0_cs1$$Base                        fsp_gen.lld:119
                                                  ./ra/fsp/src/bsp/mcu/ra6m5/bsp_linker.o
__ram_from_ospi0_cs1$$Limit                       fsp_gen.lld:124
                                                  ./ra/fsp/src/bsp/mcu/ra6m5/bsp_linker.o
__ram_from_ospi0_cs1$$Load                        fsp_gen.lld:119
                                                  ./ra/fsp/src/bsp/mcu/ra6m5/bsp_linker.o
__ram_from_data_flash$$Base                       fsp_gen.lld:171
                                                  ./ra/fsp/src/bsp/mcu/ra6m5/bsp_linker.o
__ram_from_data_flash$$Limit                      fsp_gen.lld:176
                                                  ./ra/fsp/src/bsp/mcu/ra6m5/bsp_linker.o
__ram_from_data_flash$$Load                       fsp_gen.lld:171
                                                  ./ra/fsp/src/bsp/mcu/ra6m5/bsp_linker.o
__ram_from_flash$$Base                            fsp_gen.lld:276
                                                  ./ra/fsp/src/bsp/mcu/ra6m5/bsp_linker.o
__ram_from_flash$$Limit                           fsp_gen.lld:283
                                                  ./ra/fsp/src/bsp/mcu/ra6m5/bsp_linker.o
__ram_from_flash$$Load                            fsp_gen.lld:276
                                                  ./ra/fsp/src/bsp/mcu/ra6m5/bsp_linker.o
__ram_tdata$$Base                                 fsp_gen.lld:325
                                                  ./ra/fsp/src/bsp/mcu/ra6m5/bsp_linker.o
__ram_tdata$$Limit                                fsp_gen.lld:329
                                                  ./ra/fsp/src/bsp/mcu/ra6m5/bsp_linker.o
__ram_tdata$$Load                                 fsp_gen.lld:325
                                                  ./ra/fsp/src/bsp/mcu/ra6m5/bsp_linker.o
SystemCoreClockUpdate                             ./ra/fsp/src/bsp/mcu/all/bsp_clocks.o
                                                  ./ra/fsp/src/bsp/cmsis/Device/RENESAS/Source/system.o
SystemCoreClock                                   ./ra/fsp/src/bsp/cmsis/Device/RENESAS/Source/system.o
                                                  ./ra/fsp/src/bsp/mcu/all/bsp_clocks.o
                                                  ./ra/fsp/src/bsp/mcu/all/bsp_delay.o
bsp_clock_init                                    ./ra/fsp/src/bsp/mcu/all/bsp_clocks.o
                                                  ./ra/fsp/src/bsp/cmsis/Device/RENESAS/Source/system.o
R_BSP_SubClockStabilizeWaitAfterReset             ./ra/fsp/src/bsp/mcu/all/bsp_clocks.o
R_BSP_Init_RTC                                    ./ra/fsp/src/bsp/mcu/all/bsp_clocks.o
                                                  ./ra/fsp/src/bsp/cmsis/Device/RENESAS/Source/system.o
bsp_init                                          ./ra/board/ra6m5_ek/board_init.o
                                                  ./ra/fsp/src/bsp/mcu/all/bsp_common.o
                                                  ./ra/fsp/src/bsp/cmsis/Device/RENESAS/Source/system.o
bsp_prv_software_delay_loop                       ./ra/fsp/src/bsp/mcu/all/bsp_delay.o
g_bsp_group_irq_sources                           ./ra/fsp/src/bsp/mcu/all/bsp_group_irq.o
NMI_Handler                                       ./ra/fsp/src/bsp/mcu/all/bsp_group_irq.o
                                                  ./ra/fsp/src/bsp/cmsis/Device/RENESAS/Source/startup.o
bsp_irq_cfg                                       ./ra/fsp/src/bsp/mcu/all/bsp_irq.o
                                                  ./ra/fsp/src/bsp/cmsis/Device/RENESAS/Source/system.o
g_interrupt_event_link_select                     ./ra/fsp/src/bsp/mcu/all/bsp_irq.o
g_protect_counters                                ./ra/fsp/src/bsp/mcu/all/bsp_register_protection.o
Reset_Handler                                     ./ra/fsp/src/bsp/cmsis/Device/RENESAS/Source/startup.o
SystemInit                                        ./ra/fsp/src/bsp/cmsis/Device/RENESAS/Source/system.o
                                                  ./ra/fsp/src/bsp/cmsis/Device/RENESAS/Source/startup.o
Default_Handler                                   ./ra/fsp/src/bsp/cmsis/Device/RENESAS/Source/startup.o
g_main_stack                                      ./ra/fsp/src/bsp/cmsis/Device/RENESAS/Source/startup.o
                                                  ./ra/fsp/src/bsp/cmsis/Device/RENESAS/Source/system.o
__Vectors                                         ./ra/fsp/src/bsp/cmsis/Device/RENESAS/Source/startup.o
                                                  ./ra/fsp/src/bsp/cmsis/Device/RENESAS/Source/system.o
HardFault_Handler                                 ./ra/fsp/src/bsp/cmsis/Device/RENESAS/Source/startup.o
MemManage_Handler                                 ./ra/fsp/src/bsp/cmsis/Device/RENESAS/Source/startup.o
BusFault_Handler                                  ./ra/fsp/src/bsp/cmsis/Device/RENESAS/Source/startup.o
UsageFault_Handler                                ./ra/fsp/src/bsp/cmsis/Device/RENESAS/Source/startup.o
SecureFault_Handler                               ./ra/fsp/src/bsp/cmsis/Device/RENESAS/Source/startup.o
SVC_Handler                                       ./ra/fsp/src/bsp/cmsis/Device/RENESAS/Source/startup.o
DebugMon_Handler                                  ./ra/fsp/src/bsp/cmsis/Device/RENESAS/Source/startup.o
PendSV_Handler                                    ./ra/fsp/src/bsp/cmsis/Device/RENESAS/Source/startup.o
SysTick_Handler                                   ./ra/fsp/src/bsp/cmsis/Device/RENESAS/Source/startup.o
_init_tls                                         D:\Renesas\toolchains\llvm_arm\ATfE-21.1.1-Windows-x86_64\bin\..\lib\clang-runtimes/arm-none-eabi/armv8m.main_hard_fp_exn_rtti_unaligned_size\lib\libc.a(libc_picolib_inittls.c.o)
                                                  ./ra/fsp/src/bsp/cmsis/Device/RENESAS/Source/system.o
__init_array_start                                fsp_gen.lld:402
                                                  ./ra/fsp/src/bsp/cmsis/Device/RENESAS/Source/system.o
__init_array_end                                  fsp_gen.lld:405
                                                  ./ra/fsp/src/bsp/cmsis/Device/RENESAS/Source/system.o
__aeabi_memclr4                                   D:\Renesas\toolchains\llvm_arm\ATfE-21.1.1-Windows-x86_64\bin\..\lib\clang-runtimes/arm-none-eabi/armv8m.main_hard_fp_exn_rtti_unaligned_size\lib\libc.a(bzero.c.o)
                                                  ./ra/fsp/src/bsp/cmsis/Device/RENESAS/Source/system.o
__aeabi_memcpy4                                   D:\Renesas\toolchains\llvm_arm\ATfE-21.1.1-Windows-x86_64\bin\..\lib\clang-runtimes/arm-none-eabi/armv8m.main_hard_fp_exn_rtti_unaligned_size\lib\libc.a(memcpy.c.o)
                                                  ./ra/fsp/src/bsp/cmsis/Device/RENESAS/Source/system.o
bzero                                             D:\Renesas\toolchains\llvm_arm\ATfE-21.1.1-Windows-x86_64\bin\..\lib\clang-runtimes/arm-none-eabi/armv8m.main_hard_fp_exn_rtti_unaligned_size\lib\libc.a(bzero.c.o)
__aeabi_memclr8                                   D:\Renesas\toolchains\llvm_arm\ATfE-21.1.1-Windows-x86_64\bin\..\lib\clang-runtimes/arm-none-eabi/armv8m.main_hard_fp_exn_rtti_unaligned_size\lib\libc.a(bzero.c.o)
__aeabi_memclr                                    D:\Renesas\toolchains\llvm_arm\ATfE-21.1.1-Windows-x86_64\bin\..\lib\clang-runtimes/arm-none-eabi/armv8m.main_hard_fp_exn_rtti_unaligned_size\lib\libc.a(bzero.c.o)
                                                  D:\Renesas\toolchains\llvm_arm\ATfE-21.1.1-Windows-x86_64\bin\..\lib\clang-runtimes/arm-none-eabi/armv8m.main_hard_fp_exn_rtti_unaligned_size\lib\libc.a(libc_picolib_inittls.c.o)
__aeabi_memcpy8                                   D:\Renesas\toolchains\llvm_arm\ATfE-21.1.1-Windows-x86_64\bin\..\lib\clang-runtimes/arm-none-eabi/armv8m.main_hard_fp_exn_rtti_unaligned_size\lib\libc.a(memcpy.c.o)
__aeabi_memcpy                                    D:\Renesas\toolchains\llvm_arm\ATfE-21.1.1-Windows-x86_64\bin\..\lib\clang-runtimes/arm-none-eabi/armv8m.main_hard_fp_exn_rtti_unaligned_size\lib\libc.a(memcpy.c.o)
                                                  D:\Renesas\toolchains\llvm_arm\ATfE-21.1.1-Windows-x86_64\bin\..\lib\clang-runtimes/arm-none-eabi/armv8m.main_hard_fp_exn_rtti_unaligned_size\lib\libc.a(libc_picolib_inittls.c.o)
__tdata_source                                    fsp_gen.lld:691
                                                  D:\Renesas\toolchains\llvm_arm\ATfE-21.1.1-Windows-x86_64\bin\..\lib\clang-runtimes/arm-none-eabi/armv8m.main_hard_fp_exn_rtti_unaligned_size\lib\libc.a(libc_picolib_inittls.c.o)
__tdata_size                                      fsp_gen.lld:692
                                                  D:\Renesas\toolchains\llvm_arm\ATfE-21.1.1-Windows-x86_64\bin\..\lib\clang-runtimes/arm-none-eabi/armv8m.main_hard_fp_exn_rtti_unaligned_size\lib\libc.a(libc_picolib_inittls.c.o)
__tbss_offset                                     fsp_gen.lld:693
                                                  D:\Renesas\toolchains\llvm_arm\ATfE-21.1.1-Windows-x86_64\bin\..\lib\clang-runtimes/arm-none-eabi/armv8m.main_hard_fp_exn_rtti_unaligned_size\lib\libc.a(libc_picolib_inittls.c.o)
__tbss_size                                       fsp_gen.lld:694
                                                  D:\Renesas\toolchains\llvm_arm\ATfE-21.1.1-Windows-x86_64\bin\..\lib\clang-runtimes/arm-none-eabi/armv8m.main_hard_fp_exn_rtti_unaligned_size\lib\libc.a(libc_picolib_inittls.c.o)
__arm32_tls_tcb_offset                            fsp_gen.lld:695
                                                  D:\Renesas\toolchains\llvm_arm\ATfE-21.1.1-Windows-x86_64\bin\..\lib\clang-runtimes/arm-none-eabi/armv8m.main_hard_fp_exn_rtti_unaligned_size\lib\libc.a(libc_picolib_machine_arm_set_tls.c.o)
__tls                                             D:\Renesas\toolchains\llvm_arm\ATfE-21.1.1-Windows-x86_64\bin\..\lib\clang-runtimes/arm-none-eabi/armv8m.main_hard_fp_exn_rtti_unaligned_size\lib\libc.a(libc_picolib_machine_arm_tls.c.o)
                                                  D:\Renesas\toolchains\llvm_arm\ATfE-21.1.1-Windows-x86_64\bin\..\lib\clang-runtimes/arm-none-eabi/armv8m.main_hard_fp_exn_rtti_unaligned_size\lib\libc.a(libc_picolib_machine_arm_set_tls.c.o)
                                                  D:\Renesas\toolchains\llvm_arm\ATfE-21.1.1-Windows-x86_64\bin\..\lib\clang-runtimes/arm-none-eabi/armv8m.main_hard_fp_exn_rtti_unaligned_size\lib\libc.a(libc_picolib_machine_arm_read_tp.S.o)
