Archive member included to satisfy reference by file (symbol)

C:/PROGRA~2/ARMGNU~1/14EFD8~1.2RE/bin/../lib/gcc/arm-none-eabi/14.2.1/thumb/v8-m.main+fp/hard\libg_nano.a(libc_a-exit.o)
                              C:/PROGRA~2/ARMGNU~1/14EFD8~1.2RE/bin/../lib/gcc/arm-none-eabi/14.2.1/thumb/v8-m.main+fp/hard/crt0.o (exit)
C:/PROGRA~2/ARMGNU~1/14EFD8~1.2RE/bin/../lib/gcc/arm-none-eabi/14.2.1/thumb/v8-m.main+fp/hard\libg_nano.a(libc_a-findfp.o)
                              C:/PROGRA~2/ARMGNU~1/14EFD8~1.2RE/bin/../lib/gcc/arm-none-eabi/14.2.1/thumb/v8-m.main+fp/hard\libg_nano.a(libc_a-exit.o) (__stdio_exit_handler)
C:/PROGRA~2/ARMGNU~1/14EFD8~1.2RE/bin/../lib/gcc/arm-none-eabi/14.2.1/thumb/v8-m.main+fp/hard\libg_nano.a(libc_a-fwalk.o)
                              C:/PROGRA~2/ARMGNU~1/14EFD8~1.2RE/bin/../lib/gcc/arm-none-eabi/14.2.1/thumb/v8-m.main+fp/hard\libg_nano.a(libc_a-findfp.o) (_fwalk_sglue)
C:/PROGRA~2/ARMGNU~1/14EFD8~1.2RE/bin/../lib/gcc/arm-none-eabi/14.2.1/thumb/v8-m.main+fp/hard\libg_nano.a(libc_a-stdio.o)
                              C:/PROGRA~2/ARMGNU~1/14EFD8~1.2RE/bin/../lib/gcc/arm-none-eabi/14.2.1/thumb/v8-m.main+fp/hard\libg_nano.a(libc_a-findfp.o) (__sread)
C:/PROGRA~2/ARMGNU~1/14EFD8~1.2RE/bin/../lib/gcc/arm-none-eabi/14.2.1/thumb/v8-m.main+fp/hard\libg_nano.a(libc_a-memset.o)
                              C:/PROGRA~2/ARMGNU~1/14EFD8~1.2RE/bin/../lib/gcc/arm-none-eabi/14.2.1/thumb/v8-m.main+fp/hard/crt0.o (memset)
C:/PROGRA~2/ARMGNU~1/14EFD8~1.2RE/bin/../lib/gcc/arm-none-eabi/14.2.1/thumb/v8-m.main+fp/hard\libg_nano.a(libc_a-closer.o)
                              C:/PROGRA~2/ARMGNU~1/14EFD8~1.2RE/bin/../lib/gcc/arm-none-eabi/14.2.1/thumb/v8-m.main+fp/hard\libg_nano.a(libc_a-stdio.o) (_close_r)
C:/PROGRA~2/ARMGNU~1/14EFD8~1.2RE/bin/../lib/gcc/arm-none-eabi/14.2.1/thumb/v8-m.main+fp/hard\libg_nano.a(libc_a-reent.o)
                              C:/PROGRA~2/ARMGNU~1/14EFD8~1.2RE/bin/../lib/gcc/arm-none-eabi/14.2.1/thumb/v8-m.main+fp/hard\libg_nano.a(libc_a-closer.o) (errno)
C:/PROGRA~2/ARMGNU~1/14EFD8~1.2RE/bin/../lib/gcc/arm-none-eabi/14.2.1/thumb/v8-m.main+fp/hard\libg_nano.a(libc_a-impure.o)
                              C:/PROGRA~2/ARMGNU~1/14EFD8~1.2RE/bin/../lib/gcc/arm-none-eabi/14.2.1/thumb/v8-m.main+fp/hard\libg_nano.a(libc_a-reent.o) (_impure_ptr)
C:/PROGRA~2/ARMGNU~1/14EFD8~1.2RE/bin/../lib/gcc/arm-none-eabi/14.2.1/thumb/v8-m.main+fp/hard\libg_nano.a(libc_a-lseekr.o)
                              C:/PROGRA~2/ARMGNU~1/14EFD8~1.2RE/bin/../lib/gcc/arm-none-eabi/14.2.1/thumb/v8-m.main+fp/hard\libg_nano.a(libc_a-stdio.o) (_lseek_r)
C:/PROGRA~2/ARMGNU~1/14EFD8~1.2RE/bin/../lib/gcc/arm-none-eabi/14.2.1/thumb/v8-m.main+fp/hard\libg_nano.a(libc_a-readr.o)
                              C:/PROGRA~2/ARMGNU~1/14EFD8~1.2RE/bin/../lib/gcc/arm-none-eabi/14.2.1/thumb/v8-m.main+fp/hard\libg_nano.a(libc_a-stdio.o) (_read_r)
C:/PROGRA~2/ARMGNU~1/14EFD8~1.2RE/bin/../lib/gcc/arm-none-eabi/14.2.1/thumb/v8-m.main+fp/hard\libg_nano.a(libc_a-writer.o)
                              C:/PROGRA~2/ARMGNU~1/14EFD8~1.2RE/bin/../lib/gcc/arm-none-eabi/14.2.1/thumb/v8-m.main+fp/hard\libg_nano.a(libc_a-stdio.o) (_write_r)
C:/PROGRA~2/ARMGNU~1/14EFD8~1.2RE/bin/../lib/gcc/arm-none-eabi/14.2.1/thumb/v8-m.main+fp/hard\libg_nano.a(libc_a-init.o)
                              C:/PROGRA~2/ARMGNU~1/14EFD8~1.2RE/bin/../lib/gcc/arm-none-eabi/14.2.1/thumb/v8-m.main+fp/hard/crt0.o (__libc_init_array)
C:/PROGRA~2/ARMGNU~1/14EFD8~1.2RE/bin/../lib/gcc/arm-none-eabi/14.2.1/thumb/v8-m.main+fp/hard\libg_nano.a(libc_a-lock.o)
                              C:/PROGRA~2/ARMGNU~1/14EFD8~1.2RE/bin/../lib/gcc/arm-none-eabi/14.2.1/thumb/v8-m.main+fp/hard\libg_nano.a(libc_a-findfp.o) (__retarget_lock_init_recursive)
C:/PROGRA~2/ARMGNU~1/14EFD8~1.2RE/bin/../lib/gcc/arm-none-eabi/14.2.1/thumb/v8-m.main+fp/hard\libg_nano.a(libc_a-freer.o)
                              C:/PROGRA~2/ARMGNU~1/14EFD8~1.2RE/bin/../lib/gcc/arm-none-eabi/14.2.1/thumb/v8-m.main+fp/hard\libg_nano.a(libc_a-reent.o) (_free_r)
C:/PROGRA~2/ARMGNU~1/14EFD8~1.2RE/bin/../lib/gcc/arm-none-eabi/14.2.1/thumb/v8-m.main+fp/hard\libg_nano.a(libc_a-mallocr.o)
                              C:/PROGRA~2/ARMGNU~1/14EFD8~1.2RE/bin/../lib/gcc/arm-none-eabi/14.2.1/thumb/v8-m.main+fp/hard\libg_nano.a(libc_a-findfp.o) (_malloc_r)
C:/PROGRA~2/ARMGNU~1/14EFD8~1.2RE/bin/../lib/gcc/arm-none-eabi/14.2.1/thumb/v8-m.main+fp/hard\libg_nano.a(libc_a-mlock.o)
                              C:/PROGRA~2/ARMGNU~1/14EFD8~1.2RE/bin/../lib/gcc/arm-none-eabi/14.2.1/thumb/v8-m.main+fp/hard\libg_nano.a(libc_a-freer.o) (__malloc_lock)
C:/PROGRA~2/ARMGNU~1/14EFD8~1.2RE/bin/../lib/gcc/arm-none-eabi/14.2.1/thumb/v8-m.main+fp/hard\libg_nano.a(libc_a-fflush.o)
                              C:/PROGRA~2/ARMGNU~1/14EFD8~1.2RE/bin/../lib/gcc/arm-none-eabi/14.2.1/thumb/v8-m.main+fp/hard\libg_nano.a(libc_a-findfp.o) (_fflush_r)
C:/PROGRA~2/ARMGNU~1/14EFD8~1.2RE/bin/../lib/gcc/arm-none-eabi/14.2.1/thumb/v8-m.main+fp/hard\libg_nano.a(libc_a-sbrkr.o)
                              C:/PROGRA~2/ARMGNU~1/14EFD8~1.2RE/bin/../lib/gcc/arm-none-eabi/14.2.1/thumb/v8-m.main+fp/hard\libg_nano.a(libc_a-mallocr.o) (_sbrk_r)

Discarded input sections

 .text          0x00000000        0x0 C:/PROGRA~2/ARMGNU~1/14EFD8~1.2RE/bin/../lib/gcc/arm-none-eabi/14.2.1/thumb/v8-m.main+fp/hard/crti.o
 .data          0x00000000        0x0 C:/PROGRA~2/ARMGNU~1/14EFD8~1.2RE/bin/../lib/gcc/arm-none-eabi/14.2.1/thumb/v8-m.main+fp/hard/crti.o
 .bss           0x00000000        0x0 C:/PROGRA~2/ARMGNU~1/14EFD8~1.2RE/bin/../lib/gcc/arm-none-eabi/14.2.1/thumb/v8-m.main+fp/hard/crti.o
 .text          0x00000000        0x0 C:/PROGRA~2/ARMGNU~1/14EFD8~1.2RE/bin/../lib/gcc/arm-none-eabi/14.2.1/thumb/v8-m.main+fp/hard/crtbegin.o
 .data          0x00000000        0x0 C:/PROGRA~2/ARMGNU~1/14EFD8~1.2RE/bin/../lib/gcc/arm-none-eabi/14.2.1/thumb/v8-m.main+fp/hard/crtbegin.o
 .bss           0x00000000        0x0 C:/PROGRA~2/ARMGNU~1/14EFD8~1.2RE/bin/../lib/gcc/arm-none-eabi/14.2.1/thumb/v8-m.main+fp/hard/crtbegin.o
 .rodata.all_implied_fbits
                0x00000000       0x24 C:/PROGRA~2/ARMGNU~1/14EFD8~1.2RE/bin/../lib/gcc/arm-none-eabi/14.2.1/thumb/v8-m.main+fp/hard/crtbegin.o
 .data.__dso_handle
                0x00000000        0x4 C:/PROGRA~2/ARMGNU~1/14EFD8~1.2RE/bin/../lib/gcc/arm-none-eabi/14.2.1/thumb/v8-m.main+fp/hard/crtbegin.o
 .text          0x00000000       0x7c C:/PROGRA~2/ARMGNU~1/14EFD8~1.2RE/bin/../lib/gcc/arm-none-eabi/14.2.1/thumb/v8-m.main+fp/hard/crt0.o
 .data          0x00000000        0x0 C:/PROGRA~2/ARMGNU~1/14EFD8~1.2RE/bin/../lib/gcc/arm-none-eabi/14.2.1/thumb/v8-m.main+fp/hard/crt0.o
 .bss           0x00000000        0x0 C:/PROGRA~2/ARMGNU~1/14EFD8~1.2RE/bin/../lib/gcc/arm-none-eabi/14.2.1/thumb/v8-m.main+fp/hard/crt0.o
 .ARM.extab     0x00000000        0x0 C:/PROGRA~2/ARMGNU~1/14EFD8~1.2RE/bin/../lib/gcc/arm-none-eabi/14.2.1/thumb/v8-m.main+fp/hard/crt0.o
 .ARM.exidx     0x00000000       0x10 C:/PROGRA~2/ARMGNU~1/14EFD8~1.2RE/bin/../lib/gcc/arm-none-eabi/14.2.1/thumb/v8-m.main+fp/hard/crt0.o
 .debug_line_str
                0x00000000       0xde C:/PROGRA~2/ARMGNU~1/14EFD8~1.2RE/bin/../lib/gcc/arm-none-eabi/14.2.1/thumb/v8-m.main+fp/hard/crt0.o
 .ARM.attributes
                0x00000000       0x24 C:/PROGRA~2/ARMGNU~1/14EFD8~1.2RE/bin/../lib/gcc/arm-none-eabi/14.2.1/thumb/v8-m.main+fp/hard/crt0.o
 .text          0x00000000        0x0 CMakeFiles/TESTING_2.elf.dir/Driver/Source/CGC.c.obj
 .data          0x00000000        0x0 CMakeFiles/TESTING_2.elf.dir/Driver/Source/CGC.c.obj
 .bss           0x00000000        0x0 CMakeFiles/TESTING_2.elf.dir/Driver/Source/CGC.c.obj
 .debug_info    0x00000000       0x65 CMakeFiles/TESTING_2.elf.dir/Driver/Source/CGC.c.obj
 .debug_abbrev  0x00000000       0x26 CMakeFiles/TESTING_2.elf.dir/Driver/Source/CGC.c.obj
 .debug_aranges
                0x00000000       0x18 CMakeFiles/TESTING_2.elf.dir/Driver/Source/CGC.c.obj
 .debug_line    0x00000000       0x53 CMakeFiles/TESTING_2.elf.dir/Driver/Source/CGC.c.obj
 .debug_str     0x00000000      0x1ba CMakeFiles/TESTING_2.elf.dir/Driver/Source/CGC.c.obj
 .comment       0x00000000       0x46 CMakeFiles/TESTING_2.elf.dir/Driver/Source/CGC.c.obj
 .ARM.attributes
                0x00000000       0x3a CMakeFiles/TESTING_2.elf.dir/Driver/Source/CGC.c.obj
 .text          0x00000000        0x0 CMakeFiles/TESTING_2.elf.dir/Driver/Source/GPIO.c.obj
 .data          0x00000000        0x0 CMakeFiles/TESTING_2.elf.dir/Driver/Source/GPIO.c.obj
 .bss           0x00000000        0x0 CMakeFiles/TESTING_2.elf.dir/Driver/Source/GPIO.c.obj
 .text.GPIO_Read_Pin
                0x00000000       0x40 CMakeFiles/TESTING_2.elf.dir/Driver/Source/GPIO.c.obj
 .text          0x00000000        0x0 CMakeFiles/TESTING_2.elf.dir/Driver/Source/IIC.c.obj
 .data          0x00000000        0x0 CMakeFiles/TESTING_2.elf.dir/Driver/Source/IIC.c.obj
 .bss           0x00000000        0x0 CMakeFiles/TESTING_2.elf.dir/Driver/Source/IIC.c.obj
 .text.I2C_Clock_Init
                0x00000000       0x60 CMakeFiles/TESTING_2.elf.dir/Driver/Source/IIC.c.obj
 .text.I2C_PinConfig
                0x00000000      0x1b4 CMakeFiles/TESTING_2.elf.dir/Driver/Source/IIC.c.obj
 .text.I2C_Init
                0x00000000      0x164 CMakeFiles/TESTING_2.elf.dir/Driver/Source/IIC.c.obj
 .text.I2C_Start
                0x00000000       0xa0 CMakeFiles/TESTING_2.elf.dir/Driver/Source/IIC.c.obj
 .text.I2C_Stop
                0x00000000       0x8c CMakeFiles/TESTING_2.elf.dir/Driver/Source/IIC.c.obj
 .text.I2C_Transmit_Address
                0x00000000       0xd8 CMakeFiles/TESTING_2.elf.dir/Driver/Source/IIC.c.obj
 .text.I2C_Master_Transmit_Data
                0x00000000       0xd8 CMakeFiles/TESTING_2.elf.dir/Driver/Source/IIC.c.obj
 .text.I2C_Master_Receive_Data
                0x00000000      0x13c CMakeFiles/TESTING_2.elf.dir/Driver/Source/IIC.c.obj
 .debug_info    0x00000000      0x3b5 CMakeFiles/TESTING_2.elf.dir/Driver/Source/IIC.c.obj
 .debug_abbrev  0x00000000      0x148 CMakeFiles/TESTING_2.elf.dir/Driver/Source/IIC.c.obj
 .debug_aranges
                0x00000000       0x58 CMakeFiles/TESTING_2.elf.dir/Driver/Source/IIC.c.obj
 .debug_rnglists
                0x00000000       0x44 CMakeFiles/TESTING_2.elf.dir/Driver/Source/IIC.c.obj
 .debug_line    0x00000000      0x515 CMakeFiles/TESTING_2.elf.dir/Driver/Source/IIC.c.obj
 .debug_str     0x00000000      0x387 CMakeFiles/TESTING_2.elf.dir/Driver/Source/IIC.c.obj
 .comment       0x00000000       0x46 CMakeFiles/TESTING_2.elf.dir/Driver/Source/IIC.c.obj
 .debug_frame   0x00000000      0x144 CMakeFiles/TESTING_2.elf.dir/Driver/Source/IIC.c.obj
 .ARM.attributes
                0x00000000       0x3a CMakeFiles/TESTING_2.elf.dir/Driver/Source/IIC.c.obj
 .text          0x00000000        0x0 CMakeFiles/TESTING_2.elf.dir/Driver/Source/LPM.c.obj
 .data          0x00000000        0x0 CMakeFiles/TESTING_2.elf.dir/Driver/Source/LPM.c.obj
 .bss           0x00000000        0x0 CMakeFiles/TESTING_2.elf.dir/Driver/Source/LPM.c.obj
 .text          0x00000000        0x0 CMakeFiles/TESTING_2.elf.dir/Driver/Source/RWP.c.obj
 .data          0x00000000        0x0 CMakeFiles/TESTING_2.elf.dir/Driver/Source/RWP.c.obj
 .bss           0x00000000        0x0 CMakeFiles/TESTING_2.elf.dir/Driver/Source/RWP.c.obj
 .text          0x00000000        0x0 CMakeFiles/TESTING_2.elf.dir/Driver/Source/SCI.c.obj
 .data          0x00000000        0x0 CMakeFiles/TESTING_2.elf.dir/Driver/Source/SCI.c.obj
 .bss           0x00000000        0x0 CMakeFiles/TESTING_2.elf.dir/Driver/Source/SCI.c.obj
 .text.UART_ReceiveChar
                0x00000000      0x120 CMakeFiles/TESTING_2.elf.dir/Driver/Source/SCI.c.obj
 .text          0x00000000        0x0 CMakeFiles/TESTING_2.elf.dir/src/hal_entry.c.obj
 .data          0x00000000        0x0 CMakeFiles/TESTING_2.elf.dir/src/hal_entry.c.obj
 .bss           0x00000000        0x0 CMakeFiles/TESTING_2.elf.dir/src/hal_entry.c.obj
 .text.delay_ms
                0x00000000       0x30 CMakeFiles/TESTING_2.elf.dir/src/hal_entry.c.obj
 .text.hal_entry
                0x00000000       0x5e CMakeFiles/TESTING_2.elf.dir/src/hal_entry.c.obj
 .debug_info    0x00000000      0x25a CMakeFiles/TESTING_2.elf.dir/src/hal_entry.c.obj
 .debug_abbrev  0x00000000       0xfd CMakeFiles/TESTING_2.elf.dir/src/hal_entry.c.obj
 .debug_aranges
                0x00000000       0x28 CMakeFiles/TESTING_2.elf.dir/src/hal_entry.c.obj
 .debug_rnglists
                0x00000000       0x19 CMakeFiles/TESTING_2.elf.dir/src/hal_entry.c.obj
 .debug_line    0x00000000      0x1ce CMakeFiles/TESTING_2.elf.dir/src/hal_entry.c.obj
 .debug_str     0x00000000      0x400 CMakeFiles/TESTING_2.elf.dir/src/hal_entry.c.obj
 .comment       0x00000000       0x46 CMakeFiles/TESTING_2.elf.dir/src/hal_entry.c.obj
 .debug_frame   0x00000000       0x58 CMakeFiles/TESTING_2.elf.dir/src/hal_entry.c.obj
 .ARM.attributes
                0x00000000       0x3a CMakeFiles/TESTING_2.elf.dir/src/hal_entry.c.obj
 .text          0x00000000        0x0 CMakeFiles/TESTING_2.elf.dir/src/main.c.obj
 .data          0x00000000        0x0 CMakeFiles/TESTING_2.elf.dir/src/main.c.obj
 .bss           0x00000000        0x0 CMakeFiles/TESTING_2.elf.dir/src/main.c.obj
 .text          0x00000000        0x0 CMakeFiles/TESTING_2.elf.dir/src/startup.c.obj
 .data          0x00000000        0x0 CMakeFiles/TESTING_2.elf.dir/src/startup.c.obj
 .bss           0x00000000        0x0 CMakeFiles/TESTING_2.elf.dir/src/startup.c.obj
 .text          0x00000000        0x0 CMakeFiles/TESTING_2.elf.dir/src/test/test_gpio.c.obj
 .data          0x00000000        0x0 CMakeFiles/TESTING_2.elf.dir/src/test/test_gpio.c.obj
 .bss           0x00000000        0x0 CMakeFiles/TESTING_2.elf.dir/src/test/test_gpio.c.obj
 .rodata        0x00000000      0x159 CMakeFiles/TESTING_2.elf.dir/src/test/test_gpio.c.obj
 .text.test_port_index_numeric
                0x00000000       0x5c CMakeFiles/TESTING_2.elf.dir/src/test/test_gpio.c.obj
 .text.test_port_index_alpha
                0x00000000       0x40 CMakeFiles/TESTING_2.elf.dir/src/test/test_gpio.c.obj
 .text.test_port_index_invalid_returns_zero
                0x00000000       0x30 CMakeFiles/TESTING_2.elf.dir/src/test/test_gpio.c.obj
 .text.test_gpio_register
                0x00000000       0x38 CMakeFiles/TESTING_2.elf.dir/src/test/test_gpio.c.obj
 .debug_info    0x00000000      0x1a8 CMakeFiles/TESTING_2.elf.dir/src/test/test_gpio.c.obj
 .debug_abbrev  0x00000000       0xfe CMakeFiles/TESTING_2.elf.dir/src/test/test_gpio.c.obj
 .debug_aranges
                0x00000000       0x38 CMakeFiles/TESTING_2.elf.dir/src/test/test_gpio.c.obj
 .debug_rnglists
                0x00000000       0x25 CMakeFiles/TESTING_2.elf.dir/src/test/test_gpio.c.obj
 .debug_line    0x00000000      0x1cb CMakeFiles/TESTING_2.elf.dir/src/test/test_gpio.c.obj
 .debug_str     0x00000000      0x305 CMakeFiles/TESTING_2.elf.dir/src/test/test_gpio.c.obj
 .comment       0x00000000       0x46 CMakeFiles/TESTING_2.elf.dir/src/test/test_gpio.c.obj
 .debug_frame   0x00000000       0x88 CMakeFiles/TESTING_2.elf.dir/src/test/test_gpio.c.obj
 .ARM.attributes
                0x00000000       0x3a CMakeFiles/TESTING_2.elf.dir/src/test/test_gpio.c.obj
 .text          0x00000000        0x0 CMakeFiles/TESTING_2.elf.dir/src/test/test_runner.c.obj
 .data          0x00000000        0x0 CMakeFiles/TESTING_2.elf.dir/src/test/test_runner.c.obj
 .bss           0x00000000        0x0 CMakeFiles/TESTING_2.elf.dir/src/test/test_runner.c.obj
 .bss.g_test_pass_count
                0x00000000        0x4 CMakeFiles/TESTING_2.elf.dir/src/test/test_runner.c.obj
 .bss.g_test_fail_count
                0x00000000        0x4 CMakeFiles/TESTING_2.elf.dir/src/test/test_runner.c.obj
 .bss.s_cases   0x00000000      0x100 CMakeFiles/TESTING_2.elf.dir/src/test/test_runner.c.obj
 .bss.s_case_count
                0x00000000        0x4 CMakeFiles/TESTING_2.elf.dir/src/test/test_runner.c.obj
 .bss.s_current_failed
                0x00000000        0x1 CMakeFiles/TESTING_2.elf.dir/src/test/test_runner.c.obj
 .text.test_register
                0x00000000       0x4c CMakeFiles/TESTING_2.elf.dir/src/test/test_runner.c.obj
 .text.test_record_failure
                0x00000000       0x30 CMakeFiles/TESTING_2.elf.dir/src/test/test_runner.c.obj
 .text.test_run_all
                0x00000000       0x6c CMakeFiles/TESTING_2.elf.dir/src/test/test_runner.c.obj
 .debug_info    0x00000000      0x200 CMakeFiles/TESTING_2.elf.dir/src/test/test_runner.c.obj
 .debug_abbrev  0x00000000      0x15a CMakeFiles/TESTING_2.elf.dir/src/test/test_runner.c.obj
 .debug_aranges
                0x00000000       0x30 CMakeFiles/TESTING_2.elf.dir/src/test/test_runner.c.obj
 .debug_rnglists
                0x00000000       0x1f CMakeFiles/TESTING_2.elf.dir/src/test/test_runner.c.obj
 .debug_line    0x00000000      0x18a CMakeFiles/TESTING_2.elf.dir/src/test/test_runner.c.obj
 .debug_str     0x00000000      0x28b CMakeFiles/TESTING_2.elf.dir/src/test/test_runner.c.obj
 .comment       0x00000000       0x46 CMakeFiles/TESTING_2.elf.dir/src/test/test_runner.c.obj
 .debug_frame   0x00000000       0x84 CMakeFiles/TESTING_2.elf.dir/src/test/test_runner.c.obj
 .ARM.attributes
                0x00000000       0x3a CMakeFiles/TESTING_2.elf.dir/src/test/test_runner.c.obj
 .text          0x00000000        0x0 CMakeFiles/TESTING_2.elf.dir/src/test/test_rwp.c.obj
 .data          0x00000000        0x0 CMakeFiles/TESTING_2.elf.dir/src/test/test_rwp.c.obj
 .bss           0x00000000        0x0 CMakeFiles/TESTING_2.elf.dir/src/test/test_rwp.c.obj
 .rodata        0x00000000       0x91 CMakeFiles/TESTING_2.elf.dir/src/test/test_rwp.c.obj
 .text.test_rwp_unlock_sets_prcr
                0x00000000       0x38 CMakeFiles/TESTING_2.elf.dir/src/test/test_rwp.c.obj
 .text.test_rwp_lock_clears_prcr
                0x00000000       0x38 CMakeFiles/TESTING_2.elf.dir/src/test/test_rwp.c.obj
 .text.test_rwp_register
                0x00000000       0x28 CMakeFiles/TESTING_2.elf.dir/src/test/test_rwp.c.obj
 .debug_info    0x00000000      0x15d CMakeFiles/TESTING_2.elf.dir/src/test/test_rwp.c.obj
 .debug_abbrev  0x00000000       0xe5 CMakeFiles/TESTING_2.elf.dir/src/test/test_rwp.c.obj
 .debug_aranges
                0x00000000       0x30 CMakeFiles/TESTING_2.elf.dir/src/test/test_rwp.c.obj
 .debug_rnglists
                0x00000000       0x1f CMakeFiles/TESTING_2.elf.dir/src/test/test_rwp.c.obj
 .debug_line    0x00000000      0x19e CMakeFiles/TESTING_2.elf.dir/src/test/test_rwp.c.obj
 .debug_str     0x00000000      0x285 CMakeFiles/TESTING_2.elf.dir/src/test/test_rwp.c.obj
 .comment       0x00000000       0x46 CMakeFiles/TESTING_2.elf.dir/src/test/test_rwp.c.obj
 .debug_frame   0x00000000       0x74 CMakeFiles/TESTING_2.elf.dir/src/test/test_rwp.c.obj
 .ARM.attributes
                0x00000000       0x3a CMakeFiles/TESTING_2.elf.dir/src/test/test_rwp.c.obj
 .text          0x00000000        0x0 C:/PROGRA~2/ARMGNU~1/14EFD8~1.2RE/bin/../lib/gcc/arm-none-eabi/14.2.1/thumb/v8-m.main+fp/hard\libg_nano.a(libc_a-exit.o)
 .data          0x00000000        0x0 C:/PROGRA~2/ARMGNU~1/14EFD8~1.2RE/bin/../lib/gcc/arm-none-eabi/14.2.1/thumb/v8-m.main+fp/hard\libg_nano.a(libc_a-exit.o)
 .bss           0x00000000        0x0 C:/PROGRA~2/ARMGNU~1/14EFD8~1.2RE/bin/../lib/gcc/arm-none-eabi/14.2.1/thumb/v8-m.main+fp/hard\libg_nano.a(libc_a-exit.o)
 .text.exit     0x00000000       0x24 C:/PROGRA~2/ARMGNU~1/14EFD8~1.2RE/bin/../lib/gcc/arm-none-eabi/14.2.1/thumb/v8-m.main+fp/hard\libg_nano.a(libc_a-exit.o)
 .debug_frame   0x00000000       0x28 C:/PROGRA~2/ARMGNU~1/14EFD8~1.2RE/bin/../lib/gcc/arm-none-eabi/14.2.1/thumb/v8-m.main+fp/hard\libg_nano.a(libc_a-exit.o)
 .ARM.attributes
                0x00000000       0x38 C:/PROGRA~2/ARMGNU~1/14EFD8~1.2RE/bin/../lib/gcc/arm-none-eabi/14.2.1/thumb/v8-m.main+fp/hard\libg_nano.a(libc_a-exit.o)
 .text          0x00000000        0x0 C:/PROGRA~2/ARMGNU~1/14EFD8~1.2RE/bin/../lib/gcc/arm-none-eabi/14.2.1/thumb/v8-m.main+fp/hard\libg_nano.a(libc_a-findfp.o)
 .data          0x00000000        0x0 C:/PROGRA~2/ARMGNU~1/14EFD8~1.2RE/bin/../lib/gcc/arm-none-eabi/14.2.1/thumb/v8-m.main+fp/hard\libg_nano.a(libc_a-findfp.o)
 .bss           0x00000000        0x0 C:/PROGRA~2/ARMGNU~1/14EFD8~1.2RE/bin/../lib/gcc/arm-none-eabi/14.2.1/thumb/v8-m.main+fp/hard\libg_nano.a(libc_a-findfp.o)
 .text.std      0x00000000       0x6c C:/PROGRA~2/ARMGNU~1/14EFD8~1.2RE/bin/../lib/gcc/arm-none-eabi/14.2.1/thumb/v8-m.main+fp/hard\libg_nano.a(libc_a-findfp.o)
 .text.stdio_exit_handler
                0x00000000       0x18 C:/PROGRA~2/ARMGNU~1/14EFD8~1.2RE/bin/../lib/gcc/arm-none-eabi/14.2.1/thumb/v8-m.main+fp/hard\libg_nano.a(libc_a-findfp.o)
 .text.cleanup_stdio
                0x00000000       0x40 C:/PROGRA~2/ARMGNU~1/14EFD8~1.2RE/bin/../lib/gcc/arm-none-eabi/14.2.1/thumb/v8-m.main+fp/hard\libg_nano.a(libc_a-findfp.o)
 .text.__fp_lock
                0x00000000       0x18 C:/PROGRA~2/ARMGNU~1/14EFD8~1.2RE/bin/../lib/gcc/arm-none-eabi/14.2.1/thumb/v8-m.main+fp/hard\libg_nano.a(libc_a-findfp.o)
 .text.__fp_unlock
                0x00000000       0x18 C:/PROGRA~2/ARMGNU~1/14EFD8~1.2RE/bin/../lib/gcc/arm-none-eabi/14.2.1/thumb/v8-m.main+fp/hard\libg_nano.a(libc_a-findfp.o)
 .text.global_stdio_init.part.0
                0x00000000       0x40 C:/PROGRA~2/ARMGNU~1/14EFD8~1.2RE/bin/../lib/gcc/arm-none-eabi/14.2.1/thumb/v8-m.main+fp/hard\libg_nano.a(libc_a-findfp.o)
 .text.__sfp_lock_acquire
                0x00000000        0xc C:/PROGRA~2/ARMGNU~1/14EFD8~1.2RE/bin/../lib/gcc/arm-none-eabi/14.2.1/thumb/v8-m.main+fp/hard\libg_nano.a(libc_a-findfp.o)
 .text.__sfp_lock_release
                0x00000000        0xc C:/PROGRA~2/ARMGNU~1/14EFD8~1.2RE/bin/../lib/gcc/arm-none-eabi/14.2.1/thumb/v8-m.main+fp/hard\libg_nano.a(libc_a-findfp.o)
 .text.__sfp    0x00000000       0xa8 C:/PROGRA~2/ARMGNU~1/14EFD8~1.2RE/bin/../lib/gcc/arm-none-eabi/14.2.1/thumb/v8-m.main+fp/hard\libg_nano.a(libc_a-findfp.o)
 .text.__sinit  0x00000000       0x30 C:/PROGRA~2/ARMGNU~1/14EFD8~1.2RE/bin/../lib/gcc/arm-none-eabi/14.2.1/thumb/v8-m.main+fp/hard\libg_nano.a(libc_a-findfp.o)
 .text.__fp_lock_all
                0x00000000       0x1c C:/PROGRA~2/ARMGNU~1/14EFD8~1.2RE/bin/../lib/gcc/arm-none-eabi/14.2.1/thumb/v8-m.main+fp/hard\libg_nano.a(libc_a-findfp.o)
 .text.__fp_unlock_all
                0x00000000       0x1c C:/PROGRA~2/ARMGNU~1/14EFD8~1.2RE/bin/../lib/gcc/arm-none-eabi/14.2.1/thumb/v8-m.main+fp/hard\libg_nano.a(libc_a-findfp.o)
 .data.__sglue  0x00000000        0xc C:/PROGRA~2/ARMGNU~1/14EFD8~1.2RE/bin/../lib/gcc/arm-none-eabi/14.2.1/thumb/v8-m.main+fp/hard\libg_nano.a(libc_a-findfp.o)
 .bss.__sf      0x00000000      0x138 C:/PROGRA~2/ARMGNU~1/14EFD8~1.2RE/bin/../lib/gcc/arm-none-eabi/14.2.1/thumb/v8-m.main+fp/hard\libg_nano.a(libc_a-findfp.o)
 .bss.__stdio_exit_handler
                0x00000000        0x4 C:/PROGRA~2/ARMGNU~1/14EFD8~1.2RE/bin/../lib/gcc/arm-none-eabi/14.2.1/thumb/v8-m.main+fp/hard\libg_nano.a(libc_a-findfp.o)
 .debug_frame   0x00000000      0x144 C:/PROGRA~2/ARMGNU~1/14EFD8~1.2RE/bin/../lib/gcc/arm-none-eabi/14.2.1/thumb/v8-m.main+fp/hard\libg_nano.a(libc_a-findfp.o)
 .ARM.attributes
                0x00000000       0x38 C:/PROGRA~2/ARMGNU~1/14EFD8~1.2RE/bin/../lib/gcc/arm-none-eabi/14.2.1/thumb/v8-m.main+fp/hard\libg_nano.a(libc_a-findfp.o)
 .text          0x00000000        0x0 C:/PROGRA~2/ARMGNU~1/14EFD8~1.2RE/bin/../lib/gcc/arm-none-eabi/14.2.1/thumb/v8-m.main+fp/hard\libg_nano.a(libc_a-fwalk.o)
 .data          0x00000000        0x0 C:/PROGRA~2/ARMGNU~1/14EFD8~1.2RE/bin/../lib/gcc/arm-none-eabi/14.2.1/thumb/v8-m.main+fp/hard\libg_nano.a(libc_a-fwalk.o)
 .bss           0x00000000        0x0 C:/PROGRA~2/ARMGNU~1/14EFD8~1.2RE/bin/../lib/gcc/arm-none-eabi/14.2.1/thumb/v8-m.main+fp/hard\libg_nano.a(libc_a-fwalk.o)
 .text._fwalk_sglue
                0x00000000       0x3c C:/PROGRA~2/ARMGNU~1/14EFD8~1.2RE/bin/../lib/gcc/arm-none-eabi/14.2.1/thumb/v8-m.main+fp/hard\libg_nano.a(libc_a-fwalk.o)
 .debug_frame   0x00000000       0x34 C:/PROGRA~2/ARMGNU~1/14EFD8~1.2RE/bin/../lib/gcc/arm-none-eabi/14.2.1/thumb/v8-m.main+fp/hard\libg_nano.a(libc_a-fwalk.o)
 .ARM.attributes
                0x00000000       0x38 C:/PROGRA~2/ARMGNU~1/14EFD8~1.2RE/bin/../lib/gcc/arm-none-eabi/14.2.1/thumb/v8-m.main+fp/hard\libg_nano.a(libc_a-fwalk.o)
 .text          0x00000000        0x0 C:/PROGRA~2/ARMGNU~1/14EFD8~1.2RE/bin/../lib/gcc/arm-none-eabi/14.2.1/thumb/v8-m.main+fp/hard\libg_nano.a(libc_a-stdio.o)
 .data          0x00000000        0x0 C:/PROGRA~2/ARMGNU~1/14EFD8~1.2RE/bin/../lib/gcc/arm-none-eabi/14.2.1/thumb/v8-m.main+fp/hard\libg_nano.a(libc_a-stdio.o)
 .bss           0x00000000        0x0 C:/PROGRA~2/ARMGNU~1/14EFD8~1.2RE/bin/../lib/gcc/arm-none-eabi/14.2.1/thumb/v8-m.main+fp/hard\libg_nano.a(libc_a-stdio.o)
 .text.__sread  0x00000000       0x22 C:/PROGRA~2/ARMGNU~1/14EFD8~1.2RE/bin/../lib/gcc/arm-none-eabi/14.2.1/thumb/v8-m.main+fp/hard\libg_nano.a(libc_a-stdio.o)
 .text.__seofread
                0x00000000        0x4 C:/PROGRA~2/ARMGNU~1/14EFD8~1.2RE/bin/../lib/gcc/arm-none-eabi/14.2.1/thumb/v8-m.main+fp/hard\libg_nano.a(libc_a-stdio.o)
 .text.__swrite
                0x00000000       0x38 C:/PROGRA~2/ARMGNU~1/14EFD8~1.2RE/bin/../lib/gcc/arm-none-eabi/14.2.1/thumb/v8-m.main+fp/hard\libg_nano.a(libc_a-stdio.o)
 .text.__sseek  0x00000000       0x26 C:/PROGRA~2/ARMGNU~1/14EFD8~1.2RE/bin/../lib/gcc/arm-none-eabi/14.2.1/thumb/v8-m.main+fp/hard\libg_nano.a(libc_a-stdio.o)
 .text.__sclose
                0x00000000        0x8 C:/PROGRA~2/ARMGNU~1/14EFD8~1.2RE/bin/../lib/gcc/arm-none-eabi/14.2.1/thumb/v8-m.main+fp/hard\libg_nano.a(libc_a-stdio.o)
 .debug_frame   0x00000000       0x88 C:/PROGRA~2/ARMGNU~1/14EFD8~1.2RE/bin/../lib/gcc/arm-none-eabi/14.2.1/thumb/v8-m.main+fp/hard\libg_nano.a(libc_a-stdio.o)
 .ARM.attributes
                0x00000000       0x38 C:/PROGRA~2/ARMGNU~1/14EFD8~1.2RE/bin/../lib/gcc/arm-none-eabi/14.2.1/thumb/v8-m.main+fp/hard\libg_nano.a(libc_a-stdio.o)
 .text          0x00000000        0x0 C:/PROGRA~2/ARMGNU~1/14EFD8~1.2RE/bin/../lib/gcc/arm-none-eabi/14.2.1/thumb/v8-m.main+fp/hard\libg_nano.a(libc_a-memset.o)
 .data          0x00000000        0x0 C:/PROGRA~2/ARMGNU~1/14EFD8~1.2RE/bin/../lib/gcc/arm-none-eabi/14.2.1/thumb/v8-m.main+fp/hard\libg_nano.a(libc_a-memset.o)
 .bss           0x00000000        0x0 C:/PROGRA~2/ARMGNU~1/14EFD8~1.2RE/bin/../lib/gcc/arm-none-eabi/14.2.1/thumb/v8-m.main+fp/hard\libg_nano.a(libc_a-memset.o)
 .text.memset   0x00000000       0x10 C:/PROGRA~2/ARMGNU~1/14EFD8~1.2RE/bin/../lib/gcc/arm-none-eabi/14.2.1/thumb/v8-m.main+fp/hard\libg_nano.a(libc_a-memset.o)
 .debug_frame   0x00000000       0x20 C:/PROGRA~2/ARMGNU~1/14EFD8~1.2RE/bin/../lib/gcc/arm-none-eabi/14.2.1/thumb/v8-m.main+fp/hard\libg_nano.a(libc_a-memset.o)
 .ARM.attributes
                0x00000000       0x38 C:/PROGRA~2/ARMGNU~1/14EFD8~1.2RE/bin/../lib/gcc/arm-none-eabi/14.2.1/thumb/v8-m.main+fp/hard\libg_nano.a(libc_a-memset.o)
 .text          0x00000000        0x0 C:/PROGRA~2/ARMGNU~1/14EFD8~1.2RE/bin/../lib/gcc/arm-none-eabi/14.2.1/thumb/v8-m.main+fp/hard\libg_nano.a(libc_a-closer.o)
 .data          0x00000000        0x0 C:/PROGRA~2/ARMGNU~1/14EFD8~1.2RE/bin/../lib/gcc/arm-none-eabi/14.2.1/thumb/v8-m.main+fp/hard\libg_nano.a(libc_a-closer.o)
 .bss           0x00000000        0x0 C:/PROGRA~2/ARMGNU~1/14EFD8~1.2RE/bin/../lib/gcc/arm-none-eabi/14.2.1/thumb/v8-m.main+fp/hard\libg_nano.a(libc_a-closer.o)
 .text._close_r
                0x00000000       0x20 C:/PROGRA~2/ARMGNU~1/14EFD8~1.2RE/bin/../lib/gcc/arm-none-eabi/14.2.1/thumb/v8-m.main+fp/hard\libg_nano.a(libc_a-closer.o)
 .debug_frame   0x00000000       0x2c C:/PROGRA~2/ARMGNU~1/14EFD8~1.2RE/bin/../lib/gcc/arm-none-eabi/14.2.1/thumb/v8-m.main+fp/hard\libg_nano.a(libc_a-closer.o)
 .ARM.attributes
                0x00000000       0x38 C:/PROGRA~2/ARMGNU~1/14EFD8~1.2RE/bin/../lib/gcc/arm-none-eabi/14.2.1/thumb/v8-m.main+fp/hard\libg_nano.a(libc_a-closer.o)
 .text          0x00000000        0x0 C:/PROGRA~2/ARMGNU~1/14EFD8~1.2RE/bin/../lib/gcc/arm-none-eabi/14.2.1/thumb/v8-m.main+fp/hard\libg_nano.a(libc_a-reent.o)
 .data          0x00000000        0x0 C:/PROGRA~2/ARMGNU~1/14EFD8~1.2RE/bin/../lib/gcc/arm-none-eabi/14.2.1/thumb/v8-m.main+fp/hard\libg_nano.a(libc_a-reent.o)
 .bss           0x00000000        0x0 C:/PROGRA~2/ARMGNU~1/14EFD8~1.2RE/bin/../lib/gcc/arm-none-eabi/14.2.1/thumb/v8-m.main+fp/hard\libg_nano.a(libc_a-reent.o)
 .text._reclaim_reent
                0x00000000       0xbc C:/PROGRA~2/ARMGNU~1/14EFD8~1.2RE/bin/../lib/gcc/arm-none-eabi/14.2.1/thumb/v8-m.main+fp/hard\libg_nano.a(libc_a-reent.o)
 .bss.errno     0x00000000        0x4 C:/PROGRA~2/ARMGNU~1/14EFD8~1.2RE/bin/../lib/gcc/arm-none-eabi/14.2.1/thumb/v8-m.main+fp/hard\libg_nano.a(libc_a-reent.o)
 .debug_frame   0x00000000       0x38 C:/PROGRA~2/ARMGNU~1/14EFD8~1.2RE/bin/../lib/gcc/arm-none-eabi/14.2.1/thumb/v8-m.main+fp/hard\libg_nano.a(libc_a-reent.o)
 .ARM.attributes
                0x00000000       0x38 C:/PROGRA~2/ARMGNU~1/14EFD8~1.2RE/bin/../lib/gcc/arm-none-eabi/14.2.1/thumb/v8-m.main+fp/hard\libg_nano.a(libc_a-reent.o)
 .text          0x00000000        0x0 C:/PROGRA~2/ARMGNU~1/14EFD8~1.2RE/bin/../lib/gcc/arm-none-eabi/14.2.1/thumb/v8-m.main+fp/hard\libg_nano.a(libc_a-impure.o)
 .data          0x00000000        0x0 C:/PROGRA~2/ARMGNU~1/14EFD8~1.2RE/bin/../lib/gcc/arm-none-eabi/14.2.1/thumb/v8-m.main+fp/hard\libg_nano.a(libc_a-impure.o)
 .bss           0x00000000        0x0 C:/PROGRA~2/ARMGNU~1/14EFD8~1.2RE/bin/../lib/gcc/arm-none-eabi/14.2.1/thumb/v8-m.main+fp/hard\libg_nano.a(libc_a-impure.o)
 .data._impure_ptr
                0x00000000        0x4 C:/PROGRA~2/ARMGNU~1/14EFD8~1.2RE/bin/../lib/gcc/arm-none-eabi/14.2.1/thumb/v8-m.main+fp/hard\libg_nano.a(libc_a-impure.o)
 .data._impure_data
                0x00000000       0x4c C:/PROGRA~2/ARMGNU~1/14EFD8~1.2RE/bin/../lib/gcc/arm-none-eabi/14.2.1/thumb/v8-m.main+fp/hard\libg_nano.a(libc_a-impure.o)
 .ARM.attributes
                0x00000000       0x38 C:/PROGRA~2/ARMGNU~1/14EFD8~1.2RE/bin/../lib/gcc/arm-none-eabi/14.2.1/thumb/v8-m.main+fp/hard\libg_nano.a(libc_a-impure.o)
 .text          0x00000000        0x0 C:/PROGRA~2/ARMGNU~1/14EFD8~1.2RE/bin/../lib/gcc/arm-none-eabi/14.2.1/thumb/v8-m.main+fp/hard\libg_nano.a(libc_a-lseekr.o)
 .data          0x00000000        0x0 C:/PROGRA~2/ARMGNU~1/14EFD8~1.2RE/bin/../lib/gcc/arm-none-eabi/14.2.1/thumb/v8-m.main+fp/hard\libg_nano.a(libc_a-lseekr.o)
 .bss           0x00000000        0x0 C:/PROGRA~2/ARMGNU~1/14EFD8~1.2RE/bin/../lib/gcc/arm-none-eabi/14.2.1/thumb/v8-m.main+fp/hard\libg_nano.a(libc_a-lseekr.o)
 .text._lseek_r
                0x00000000       0x24 C:/PROGRA~2/ARMGNU~1/14EFD8~1.2RE/bin/../lib/gcc/arm-none-eabi/14.2.1/thumb/v8-m.main+fp/hard\libg_nano.a(libc_a-lseekr.o)
 .debug_frame   0x00000000       0x2c C:/PROGRA~2/ARMGNU~1/14EFD8~1.2RE/bin/../lib/gcc/arm-none-eabi/14.2.1/thumb/v8-m.main+fp/hard\libg_nano.a(libc_a-lseekr.o)
 .ARM.attributes
                0x00000000       0x38 C:/PROGRA~2/ARMGNU~1/14EFD8~1.2RE/bin/../lib/gcc/arm-none-eabi/14.2.1/thumb/v8-m.main+fp/hard\libg_nano.a(libc_a-lseekr.o)
 .text          0x00000000        0x0 C:/PROGRA~2/ARMGNU~1/14EFD8~1.2RE/bin/../lib/gcc/arm-none-eabi/14.2.1/thumb/v8-m.main+fp/hard\libg_nano.a(libc_a-readr.o)
 .data          0x00000000        0x0 C:/PROGRA~2/ARMGNU~1/14EFD8~1.2RE/bin/../lib/gcc/arm-none-eabi/14.2.1/thumb/v8-m.main+fp/hard\libg_nano.a(libc_a-readr.o)
 .bss           0x00000000        0x0 C:/PROGRA~2/ARMGNU~1/14EFD8~1.2RE/bin/../lib/gcc/arm-none-eabi/14.2.1/thumb/v8-m.main+fp/hard\libg_nano.a(libc_a-readr.o)
 .text._read_r  0x00000000       0x24 C:/PROGRA~2/ARMGNU~1/14EFD8~1.2RE/bin/../lib/gcc/arm-none-eabi/14.2.1/thumb/v8-m.main+fp/hard\libg_nano.a(libc_a-readr.o)
 .debug_frame   0x00000000       0x2c C:/PROGRA~2/ARMGNU~1/14EFD8~1.2RE/bin/../lib/gcc/arm-none-eabi/14.2.1/thumb/v8-m.main+fp/hard\libg_nano.a(libc_a-readr.o)
 .ARM.attributes
                0x00000000       0x38 C:/PROGRA~2/ARMGNU~1/14EFD8~1.2RE/bin/../lib/gcc/arm-none-eabi/14.2.1/thumb/v8-m.main+fp/hard\libg_nano.a(libc_a-readr.o)
 .text          0x00000000        0x0 C:/PROGRA~2/ARMGNU~1/14EFD8~1.2RE/bin/../lib/gcc/arm-none-eabi/14.2.1/thumb/v8-m.main+fp/hard\libg_nano.a(libc_a-writer.o)
 .data          0x00000000        0x0 C:/PROGRA~2/ARMGNU~1/14EFD8~1.2RE/bin/../lib/gcc/arm-none-eabi/14.2.1/thumb/v8-m.main+fp/hard\libg_nano.a(libc_a-writer.o)
 .bss           0x00000000        0x0 C:/PROGRA~2/ARMGNU~1/14EFD8~1.2RE/bin/../lib/gcc/arm-none-eabi/14.2.1/thumb/v8-m.main+fp/hard\libg_nano.a(libc_a-writer.o)
 .text._write_r
                0x00000000       0x24 C:/PROGRA~2/ARMGNU~1/14EFD8~1.2RE/bin/../lib/gcc/arm-none-eabi/14.2.1/thumb/v8-m.main+fp/hard\libg_nano.a(libc_a-writer.o)
 .debug_frame   0x00000000       0x2c C:/PROGRA~2/ARMGNU~1/14EFD8~1.2RE/bin/../lib/gcc/arm-none-eabi/14.2.1/thumb/v8-m.main+fp/hard\libg_nano.a(libc_a-writer.o)
 .ARM.attributes
                0x00000000       0x38 C:/PROGRA~2/ARMGNU~1/14EFD8~1.2RE/bin/../lib/gcc/arm-none-eabi/14.2.1/thumb/v8-m.main+fp/hard\libg_nano.a(libc_a-writer.o)
 .text          0x00000000        0x0 C:/PROGRA~2/ARMGNU~1/14EFD8~1.2RE/bin/../lib/gcc/arm-none-eabi/14.2.1/thumb/v8-m.main+fp/hard\libg_nano.a(libc_a-init.o)
 .data          0x00000000        0x0 C:/PROGRA~2/ARMGNU~1/14EFD8~1.2RE/bin/../lib/gcc/arm-none-eabi/14.2.1/thumb/v8-m.main+fp/hard\libg_nano.a(libc_a-init.o)
 .bss           0x00000000        0x0 C:/PROGRA~2/ARMGNU~1/14EFD8~1.2RE/bin/../lib/gcc/arm-none-eabi/14.2.1/thumb/v8-m.main+fp/hard\libg_nano.a(libc_a-init.o)
 .text.__libc_init_array
                0x00000000       0x48 C:/PROGRA~2/ARMGNU~1/14EFD8~1.2RE/bin/../lib/gcc/arm-none-eabi/14.2.1/thumb/v8-m.main+fp/hard\libg_nano.a(libc_a-init.o)
 .debug_frame   0x00000000       0x2c C:/PROGRA~2/ARMGNU~1/14EFD8~1.2RE/bin/../lib/gcc/arm-none-eabi/14.2.1/thumb/v8-m.main+fp/hard\libg_nano.a(libc_a-init.o)
 .ARM.attributes
                0x00000000       0x38 C:/PROGRA~2/ARMGNU~1/14EFD8~1.2RE/bin/../lib/gcc/arm-none-eabi/14.2.1/thumb/v8-m.main+fp/hard\libg_nano.a(libc_a-init.o)
 .text          0x00000000        0x0 C:/PROGRA~2/ARMGNU~1/14EFD8~1.2RE/bin/../lib/gcc/arm-none-eabi/14.2.1/thumb/v8-m.main+fp/hard\libg_nano.a(libc_a-lock.o)
 .data          0x00000000        0x0 C:/PROGRA~2/ARMGNU~1/14EFD8~1.2RE/bin/../lib/gcc/arm-none-eabi/14.2.1/thumb/v8-m.main+fp/hard\libg_nano.a(libc_a-lock.o)
 .bss           0x00000000        0x0 C:/PROGRA~2/ARMGNU~1/14EFD8~1.2RE/bin/../lib/gcc/arm-none-eabi/14.2.1/thumb/v8-m.main+fp/hard\libg_nano.a(libc_a-lock.o)
 .text.__retarget_lock_init
                0x00000000        0x2 C:/PROGRA~2/ARMGNU~1/14EFD8~1.2RE/bin/../lib/gcc/arm-none-eabi/14.2.1/thumb/v8-m.main+fp/hard\libg_nano.a(libc_a-lock.o)
 .text.__retarget_lock_init_recursive
                0x00000000        0x2 C:/PROGRA~2/ARMGNU~1/14EFD8~1.2RE/bin/../lib/gcc/arm-none-eabi/14.2.1/thumb/v8-m.main+fp/hard\libg_nano.a(libc_a-lock.o)
 .text.__retarget_lock_close
                0x00000000        0x2 C:/PROGRA~2/ARMGNU~1/14EFD8~1.2RE/bin/../lib/gcc/arm-none-eabi/14.2.1/thumb/v8-m.main+fp/hard\libg_nano.a(libc_a-lock.o)
 .text.__retarget_lock_close_recursive
                0x00000000        0x2 C:/PROGRA~2/ARMGNU~1/14EFD8~1.2RE/bin/../lib/gcc/arm-none-eabi/14.2.1/thumb/v8-m.main+fp/hard\libg_nano.a(libc_a-lock.o)
 .text.__retarget_lock_acquire
                0x00000000        0x2 C:/PROGRA~2/ARMGNU~1/14EFD8~1.2RE/bin/../lib/gcc/arm-none-eabi/14.2.1/thumb/v8-m.main+fp/hard\libg_nano.a(libc_a-lock.o)
 .text.__retarget_lock_acquire_recursive
                0x00000000        0x2 C:/PROGRA~2/ARMGNU~1/14EFD8~1.2RE/bin/../lib/gcc/arm-none-eabi/14.2.1/thumb/v8-m.main+fp/hard\libg_nano.a(libc_a-lock.o)
 .text.__retarget_lock_try_acquire
                0x00000000        0x4 C:/PROGRA~2/ARMGNU~1/14EFD8~1.2RE/bin/../lib/gcc/arm-none-eabi/14.2.1/thumb/v8-m.main+fp/hard\libg_nano.a(libc_a-lock.o)
 .text.__retarget_lock_try_acquire_recursive
                0x00000000        0x4 C:/PROGRA~2/ARMGNU~1/14EFD8~1.2RE/bin/../lib/gcc/arm-none-eabi/14.2.1/thumb/v8-m.main+fp/hard\libg_nano.a(libc_a-lock.o)
 .text.__retarget_lock_release
                0x00000000        0x2 C:/PROGRA~2/ARMGNU~1/14EFD8~1.2RE/bin/../lib/gcc/arm-none-eabi/14.2.1/thumb/v8-m.main+fp/hard\libg_nano.a(libc_a-lock.o)
 .text.__retarget_lock_release_recursive
                0x00000000        0x2 C:/PROGRA~2/ARMGNU~1/14EFD8~1.2RE/bin/../lib/gcc/arm-none-eabi/14.2.1/thumb/v8-m.main+fp/hard\libg_nano.a(libc_a-lock.o)
 .bss.__lock___arc4random_mutex
                0x00000000        0x1 C:/PROGRA~2/ARMGNU~1/14EFD8~1.2RE/bin/../lib/gcc/arm-none-eabi/14.2.1/thumb/v8-m.main+fp/hard\libg_nano.a(libc_a-lock.o)
 .bss.__lock___dd_hash_mutex
                0x00000000        0x1 C:/PROGRA~2/ARMGNU~1/14EFD8~1.2RE/bin/../lib/gcc/arm-none-eabi/14.2.1/thumb/v8-m.main+fp/hard\libg_nano.a(libc_a-lock.o)
 .bss.__lock___tz_mutex
                0x00000000        0x1 C:/PROGRA~2/ARMGNU~1/14EFD8~1.2RE/bin/../lib/gcc/arm-none-eabi/14.2.1/thumb/v8-m.main+fp/hard\libg_nano.a(libc_a-lock.o)
 .bss.__lock___env_recursive_mutex
                0x00000000        0x1 C:/PROGRA~2/ARMGNU~1/14EFD8~1.2RE/bin/../lib/gcc/arm-none-eabi/14.2.1/thumb/v8-m.main+fp/hard\libg_nano.a(libc_a-lock.o)
 .bss.__lock___malloc_recursive_mutex
                0x00000000        0x1 C:/PROGRA~2/ARMGNU~1/14EFD8~1.2RE/bin/../lib/gcc/arm-none-eabi/14.2.1/thumb/v8-m.main+fp/hard\libg_nano.a(libc_a-lock.o)
 .bss.__lock___at_quick_exit_mutex
                0x00000000        0x1 C:/PROGRA~2/ARMGNU~1/14EFD8~1.2RE/bin/../lib/gcc/arm-none-eabi/14.2.1/thumb/v8-m.main+fp/hard\libg_nano.a(libc_a-lock.o)
 .bss.__lock___atexit_recursive_mutex
                0x00000000        0x1 C:/PROGRA~2/ARMGNU~1/14EFD8~1.2RE/bin/../lib/gcc/arm-none-eabi/14.2.1/thumb/v8-m.main+fp/hard\libg_nano.a(libc_a-lock.o)
 .bss.__lock___sfp_recursive_mutex
                0x00000000        0x1 C:/PROGRA~2/ARMGNU~1/14EFD8~1.2RE/bin/../lib/gcc/arm-none-eabi/14.2.1/thumb/v8-m.main+fp/hard\libg_nano.a(libc_a-lock.o)
 .debug_frame   0x00000000       0xb0 C:/PROGRA~2/ARMGNU~1/14EFD8~1.2RE/bin/../lib/gcc/arm-none-eabi/14.2.1/thumb/v8-m.main+fp/hard\libg_nano.a(libc_a-lock.o)
 .ARM.attributes
                0x00000000       0x38 C:/PROGRA~2/ARMGNU~1/14EFD8~1.2RE/bin/../lib/gcc/arm-none-eabi/14.2.1/thumb/v8-m.main+fp/hard\libg_nano.a(libc_a-lock.o)
 .text          0x00000000        0x0 C:/PROGRA~2/ARMGNU~1/14EFD8~1.2RE/bin/../lib/gcc/arm-none-eabi/14.2.1/thumb/v8-m.main+fp/hard\libg_nano.a(libc_a-freer.o)
 .data          0x00000000        0x0 C:/PROGRA~2/ARMGNU~1/14EFD8~1.2RE/bin/../lib/gcc/arm-none-eabi/14.2.1/thumb/v8-m.main+fp/hard\libg_nano.a(libc_a-freer.o)
 .bss           0x00000000        0x0 C:/PROGRA~2/ARMGNU~1/14EFD8~1.2RE/bin/../lib/gcc/arm-none-eabi/14.2.1/thumb/v8-m.main+fp/hard\libg_nano.a(libc_a-freer.o)
 .text._free_r  0x00000000       0x94 C:/PROGRA~2/ARMGNU~1/14EFD8~1.2RE/bin/../lib/gcc/arm-none-eabi/14.2.1/thumb/v8-m.main+fp/hard\libg_nano.a(libc_a-freer.o)
 .debug_frame   0x00000000       0x38 C:/PROGRA~2/ARMGNU~1/14EFD8~1.2RE/bin/../lib/gcc/arm-none-eabi/14.2.1/thumb/v8-m.main+fp/hard\libg_nano.a(libc_a-freer.o)
 .ARM.attributes
                0x00000000       0x38 C:/PROGRA~2/ARMGNU~1/14EFD8~1.2RE/bin/../lib/gcc/arm-none-eabi/14.2.1/thumb/v8-m.main+fp/hard\libg_nano.a(libc_a-freer.o)
 .text          0x00000000        0x0 C:/PROGRA~2/ARMGNU~1/14EFD8~1.2RE/bin/../lib/gcc/arm-none-eabi/14.2.1/thumb/v8-m.main+fp/hard\libg_nano.a(libc_a-mallocr.o)
 .data          0x00000000        0x0 C:/PROGRA~2/ARMGNU~1/14EFD8~1.2RE/bin/../lib/gcc/arm-none-eabi/14.2.1/thumb/v8-m.main+fp/hard\libg_nano.a(libc_a-mallocr.o)
 .bss           0x00000000        0x0 C:/PROGRA~2/ARMGNU~1/14EFD8~1.2RE/bin/../lib/gcc/arm-none-eabi/14.2.1/thumb/v8-m.main+fp/hard\libg_nano.a(libc_a-mallocr.o)
 .text.sbrk_aligned
                0x00000000       0x44 C:/PROGRA~2/ARMGNU~1/14EFD8~1.2RE/bin/../lib/gcc/arm-none-eabi/14.2.1/thumb/v8-m.main+fp/hard\libg_nano.a(libc_a-mallocr.o)
 .text._malloc_r
                0x00000000      0x100 C:/PROGRA~2/ARMGNU~1/14EFD8~1.2RE/bin/../lib/gcc/arm-none-eabi/14.2.1/thumb/v8-m.main+fp/hard\libg_nano.a(libc_a-mallocr.o)
 .bss.__malloc_sbrk_start
                0x00000000        0x4 C:/PROGRA~2/ARMGNU~1/14EFD8~1.2RE/bin/../lib/gcc/arm-none-eabi/14.2.1/thumb/v8-m.main+fp/hard\libg_nano.a(libc_a-mallocr.o)
 .bss.__malloc_free_list
                0x00000000        0x4 C:/PROGRA~2/ARMGNU~1/14EFD8~1.2RE/bin/../lib/gcc/arm-none-eabi/14.2.1/thumb/v8-m.main+fp/hard\libg_nano.a(libc_a-mallocr.o)
 .debug_frame   0x00000000       0x50 C:/PROGRA~2/ARMGNU~1/14EFD8~1.2RE/bin/../lib/gcc/arm-none-eabi/14.2.1/thumb/v8-m.main+fp/hard\libg_nano.a(libc_a-mallocr.o)
 .ARM.attributes
                0x00000000       0x38 C:/PROGRA~2/ARMGNU~1/14EFD8~1.2RE/bin/../lib/gcc/arm-none-eabi/14.2.1/thumb/v8-m.main+fp/hard\libg_nano.a(libc_a-mallocr.o)
 .text          0x00000000        0x0 C:/PROGRA~2/ARMGNU~1/14EFD8~1.2RE/bin/../lib/gcc/arm-none-eabi/14.2.1/thumb/v8-m.main+fp/hard\libg_nano.a(libc_a-mlock.o)
 .data          0x00000000        0x0 C:/PROGRA~2/ARMGNU~1/14EFD8~1.2RE/bin/../lib/gcc/arm-none-eabi/14.2.1/thumb/v8-m.main+fp/hard\libg_nano.a(libc_a-mlock.o)
 .bss           0x00000000        0x0 C:/PROGRA~2/ARMGNU~1/14EFD8~1.2RE/bin/../lib/gcc/arm-none-eabi/14.2.1/thumb/v8-m.main+fp/hard\libg_nano.a(libc_a-mlock.o)
 .text.__malloc_lock
                0x00000000        0xc C:/PROGRA~2/ARMGNU~1/14EFD8~1.2RE/bin/../lib/gcc/arm-none-eabi/14.2.1/thumb/v8-m.main+fp/hard\libg_nano.a(libc_a-mlock.o)
 .text.__malloc_unlock
                0x00000000        0xc C:/PROGRA~2/ARMGNU~1/14EFD8~1.2RE/bin/../lib/gcc/arm-none-eabi/14.2.1/thumb/v8-m.main+fp/hard\libg_nano.a(libc_a-mlock.o)
 .debug_frame   0x00000000       0x30 C:/PROGRA~2/ARMGNU~1/14EFD8~1.2RE/bin/../lib/gcc/arm-none-eabi/14.2.1/thumb/v8-m.main+fp/hard\libg_nano.a(libc_a-mlock.o)
 .ARM.attributes
                0x00000000       0x38 C:/PROGRA~2/ARMGNU~1/14EFD8~1.2RE/bin/../lib/gcc/arm-none-eabi/14.2.1/thumb/v8-m.main+fp/hard\libg_nano.a(libc_a-mlock.o)
 .text          0x00000000        0x0 C:/PROGRA~2/ARMGNU~1/14EFD8~1.2RE/bin/../lib/gcc/arm-none-eabi/14.2.1/thumb/v8-m.main+fp/hard\libg_nano.a(libc_a-fflush.o)
 .data          0x00000000        0x0 C:/PROGRA~2/ARMGNU~1/14EFD8~1.2RE/bin/../lib/gcc/arm-none-eabi/14.2.1/thumb/v8-m.main+fp/hard\libg_nano.a(libc_a-fflush.o)
 .bss           0x00000000        0x0 C:/PROGRA~2/ARMGNU~1/14EFD8~1.2RE/bin/../lib/gcc/arm-none-eabi/14.2.1/thumb/v8-m.main+fp/hard\libg_nano.a(libc_a-fflush.o)
 .text.__sflush_r
                0x00000000      0x100 C:/PROGRA~2/ARMGNU~1/14EFD8~1.2RE/bin/../lib/gcc/arm-none-eabi/14.2.1/thumb/v8-m.main+fp/hard\libg_nano.a(libc_a-fflush.o)
 .text._fflush_r
                0x00000000       0x50 C:/PROGRA~2/ARMGNU~1/14EFD8~1.2RE/bin/../lib/gcc/arm-none-eabi/14.2.1/thumb/v8-m.main+fp/hard\libg_nano.a(libc_a-fflush.o)
 .text.fflush   0x00000000       0x28 C:/PROGRA~2/ARMGNU~1/14EFD8~1.2RE/bin/../lib/gcc/arm-none-eabi/14.2.1/thumb/v8-m.main+fp/hard\libg_nano.a(libc_a-fflush.o)
 .debug_frame   0x00000000       0x5c C:/PROGRA~2/ARMGNU~1/14EFD8~1.2RE/bin/../lib/gcc/arm-none-eabi/14.2.1/thumb/v8-m.main+fp/hard\libg_nano.a(libc_a-fflush.o)
 .ARM.attributes
                0x00000000       0x38 C:/PROGRA~2/ARMGNU~1/14EFD8~1.2RE/bin/../lib/gcc/arm-none-eabi/14.2.1/thumb/v8-m.main+fp/hard\libg_nano.a(libc_a-fflush.o)
 .text          0x00000000        0x0 C:/PROGRA~2/ARMGNU~1/14EFD8~1.2RE/bin/../lib/gcc/arm-none-eabi/14.2.1/thumb/v8-m.main+fp/hard\libg_nano.a(libc_a-sbrkr.o)
 .data          0x00000000        0x0 C:/PROGRA~2/ARMGNU~1/14EFD8~1.2RE/bin/../lib/gcc/arm-none-eabi/14.2.1/thumb/v8-m.main+fp/hard\libg_nano.a(libc_a-sbrkr.o)
 .bss           0x00000000        0x0 C:/PROGRA~2/ARMGNU~1/14EFD8~1.2RE/bin/../lib/gcc/arm-none-eabi/14.2.1/thumb/v8-m.main+fp/hard\libg_nano.a(libc_a-sbrkr.o)
 .text._sbrk_r  0x00000000       0x20 C:/PROGRA~2/ARMGNU~1/14EFD8~1.2RE/bin/../lib/gcc/arm-none-eabi/14.2.1/thumb/v8-m.main+fp/hard\libg_nano.a(libc_a-sbrkr.o)
 .debug_frame   0x00000000       0x2c C:/PROGRA~2/ARMGNU~1/14EFD8~1.2RE/bin/../lib/gcc/arm-none-eabi/14.2.1/thumb/v8-m.main+fp/hard\libg_nano.a(libc_a-sbrkr.o)
 .ARM.attributes
                0x00000000       0x38 C:/PROGRA~2/ARMGNU~1/14EFD8~1.2RE/bin/../lib/gcc/arm-none-eabi/14.2.1/thumb/v8-m.main+fp/hard\libg_nano.a(libc_a-sbrkr.o)
 .text          0x00000000        0x0 C:/PROGRA~2/ARMGNU~1/14EFD8~1.2RE/bin/../lib/gcc/arm-none-eabi/14.2.1/thumb/v8-m.main+fp/hard/crtend.o
 .data          0x00000000        0x0 C:/PROGRA~2/ARMGNU~1/14EFD8~1.2RE/bin/../lib/gcc/arm-none-eabi/14.2.1/thumb/v8-m.main+fp/hard/crtend.o
 .bss           0x00000000        0x0 C:/PROGRA~2/ARMGNU~1/14EFD8~1.2RE/bin/../lib/gcc/arm-none-eabi/14.2.1/thumb/v8-m.main+fp/hard/crtend.o
 .rodata.all_implied_fbits
                0x00000000       0x24 C:/PROGRA~2/ARMGNU~1/14EFD8~1.2RE/bin/../lib/gcc/arm-none-eabi/14.2.1/thumb/v8-m.main+fp/hard/crtend.o
 .eh_frame      0x00000000        0x4 C:/PROGRA~2/ARMGNU~1/14EFD8~1.2RE/bin/../lib/gcc/arm-none-eabi/14.2.1/thumb/v8-m.main+fp/hard/crtend.o
 .text          0x00000000        0x0 C:/PROGRA~2/ARMGNU~1/14EFD8~1.2RE/bin/../lib/gcc/arm-none-eabi/14.2.1/thumb/v8-m.main+fp/hard/crtn.o
 .data          0x00000000        0x0 C:/PROGRA~2/ARMGNU~1/14EFD8~1.2RE/bin/../lib/gcc/arm-none-eabi/14.2.1/thumb/v8-m.main+fp/hard/crtn.o
 .bss           0x00000000        0x0 C:/PROGRA~2/ARMGNU~1/14EFD8~1.2RE/bin/../lib/gcc/arm-none-eabi/14.2.1/thumb/v8-m.main+fp/hard/crtn.o
 .init          0x00000000        0x8 C:/PROGRA~2/ARMGNU~1/14EFD8~1.2RE/bin/../lib/gcc/arm-none-eabi/14.2.1/thumb/v8-m.main+fp/hard/crtn.o
 .fini          0x00000000        0x8 C:/PROGRA~2/ARMGNU~1/14EFD8~1.2RE/bin/../lib/gcc/arm-none-eabi/14.2.1/thumb/v8-m.main+fp/hard/crtn.o
 .ARM.attributes
                0x00000000       0x26 C:/PROGRA~2/ARMGNU~1/14EFD8~1.2RE/bin/../lib/gcc/arm-none-eabi/14.2.1/thumb/v8-m.main+fp/hard/crtn.o

Memory Configuration

Name             Origin             Length             Attributes
RAM              0x20000000         0x00080000         xrw
FLASH            0x00000000         0x00200000         xr
DATA_FLASH       0x08000000         0x00002000         xr
QSPI_FLASH       0x60000000         0x04000000         xr
OSPI0_CS0        0x68000000         0x08000000         xrw
OSPI0_CS1        0x70000000         0x10000000         xr
OPTION_SETTING_OFS0 0x0100a100         0x00000004         r
OPTION_SETTING_DUALSEL 0x0100a110         0x00000004         r
OPTION_SETTING_OFS1 0x0100a180         0x00000004         r
OPTION_SETTING_BANKSEL 0x0100a190         0x00000004         r
OPTION_SETTING_BPS 0x0100a1c0         0x00000010         r
OPTION_SETTING_PBPS 0x0100a1e0         0x00000010         r
OPTION_SETTING_OFS1_SEC 0x0100a200         0x00000004         r
OPTION_SETTING_BANKSEL_SEC 0x0100a210         0x00000004         r
OPTION_SETTING_BPS_SEC 0x0100a240         0x00000010         r
OPTION_SETTING_PBPS_SEC 0x0100a260         0x00000010         r
OPTION_SETTING_OFS1_SEL 0x0100a280         0x00000004         r
OPTION_SETTING_BANKSEL_SEL 0x0100a290         0x00000004         r
OPTION_SETTING_BPS_SEL 0x0100a2c0         0x00000010         r
*default*        0x00000000         0xffffffff

Linker script and memory map

LOAD C:/PROGRA~2/ARMGNU~1/14EFD8~1.2RE/bin/../lib/gcc/arm-none-eabi/14.2.1/thumb/v8-m.main+fp/hard/crti.o
LOAD C:/PROGRA~2/ARMGNU~1/14EFD8~1.2RE/bin/../lib/gcc/arm-none-eabi/14.2.1/thumb/v8-m.main+fp/hard/crtbegin.o
LOAD C:/PROGRA~2/ARMGNU~1/14EFD8~1.2RE/bin/../lib/gcc/arm-none-eabi/14.2.1/thumb/v8-m.main+fp/hard/crt0.o
LOAD CMakeFiles/TESTING_2.elf.dir/Driver/Source/CGC.c.obj
LOAD CMakeFiles/TESTING_2.elf.dir/Driver/Source/GPIO.c.obj
LOAD CMakeFiles/TESTING_2.elf.dir/Driver/Source/IIC.c.obj
LOAD CMakeFiles/TESTING_2.elf.dir/Driver/Source/LPM.c.obj
LOAD CMakeFiles/TESTING_2.elf.dir/Driver/Source/RWP.c.obj
LOAD CMakeFiles/TESTING_2.elf.dir/Driver/Source/SCI.c.obj
LOAD CMakeFiles/TESTING_2.elf.dir/src/hal_entry.c.obj
LOAD CMakeFiles/TESTING_2.elf.dir/src/main.c.obj
LOAD CMakeFiles/TESTING_2.elf.dir/src/startup.c.obj
LOAD CMakeFiles/TESTING_2.elf.dir/src/test/test_gpio.c.obj
LOAD CMakeFiles/TESTING_2.elf.dir/src/test/test_runner.c.obj
LOAD CMakeFiles/TESTING_2.elf.dir/src/test/test_rwp.c.obj
START GROUP
LOAD C:/PROGRA~2/ARMGNU~1/14EFD8~1.2RE/bin/../lib/gcc/arm-none-eabi/14.2.1/thumb/v8-m.main+fp/hard\libgcc.a
LOAD C:/PROGRA~2/ARMGNU~1/14EFD8~1.2RE/bin/../lib/gcc/arm-none-eabi/14.2.1/thumb/v8-m.main+fp/hard\libg_nano.a
LOAD C:/PROGRA~2/ARMGNU~1/14EFD8~1.2RE/bin/../lib/gcc/arm-none-eabi/14.2.1/thumb/v8-m.main+fp/hard\libc_nano.a
END GROUP
START GROUP
LOAD C:/PROGRA~2/ARMGNU~1/14EFD8~1.2RE/bin/../lib/gcc/arm-none-eabi/14.2.1/thumb/v8-m.main+fp/hard\libgcc.a
LOAD C:/PROGRA~2/ARMGNU~1/14EFD8~1.2RE/bin/../lib/gcc/arm-none-eabi/14.2.1/thumb/v8-m.main+fp/hard\libc_nano.a
END GROUP
LOAD C:/PROGRA~2/ARMGNU~1/14EFD8~1.2RE/bin/../lib/gcc/arm-none-eabi/14.2.1/thumb/v8-m.main+fp/hard/crtend.o
LOAD C:/PROGRA~2/ARMGNU~1/14EFD8~1.2RE/bin/../lib/gcc/arm-none-eabi/14.2.1/thumb/v8-m.main+fp/hard/crtn.o
                0x20000000                        RAM_START = 0x20000000
                0x00080000                        RAM_LENGTH = 0x80000
                0x00000000                        FLASH_START = 0x0
                0x00200000                        FLASH_LENGTH = 0x200000
                0x08000000                        DATA_FLASH_START = 0x8000000
                0x00002000                        DATA_FLASH_LENGTH = 0x2000
                0x60000000                        QSPI_FLASH_START = 0x60000000
                0x04000000                        QSPI_FLASH_LENGTH = 0x4000000
                0x68000000                        OSPI0_CS0_START = 0x68000000
                0x08000000                        OSPI0_CS0_LENGTH = 0x8000000
                0x70000000                        OSPI0_CS1_START = 0x70000000
                0x10000000                        OSPI0_CS1_LENGTH = 0x10000000
                0x0100a100                        OPTION_SETTING_OFS0_START = 0x100a100
                0x00000004                        OPTION_SETTING_OFS0_LENGTH = 0x4
                0x0100a110                        OPTION_SETTING_DUALSEL_START = 0x100a110
                0x00000004                        OPTION_SETTING_DUALSEL_LENGTH = 0x4
                0x0100a180                        OPTION_SETTING_OFS1_START = 0x100a180
                0x00000004                        OPTION_SETTING_OFS1_LENGTH = 0x4
                0x0100a190                        OPTION_SETTING_BANKSEL_START = 0x100a190
                0x00000004                        OPTION_SETTING_BANKSEL_LENGTH = 0x4
                0x0100a1c0                        OPTION_SETTING_BPS_START = 0x100a1c0
                0x00000010                        OPTION_SETTING_BPS_LENGTH = 0x10
                0x0100a1e0                        OPTION_SETTING_PBPS_START = 0x100a1e0
                0x00000010                        OPTION_SETTING_PBPS_LENGTH = 0x10
                0x0100a200                        OPTION_SETTING_OFS1_SEC_START = 0x100a200
                0x00000004                        OPTION_SETTING_OFS1_SEC_LENGTH = 0x4
                0x0100a210                        OPTION_SETTING_BANKSEL_SEC_START = 0x100a210
                0x00000004                        OPTION_SETTING_BANKSEL_SEC_LENGTH = 0x4
                0x0100a240                        OPTION_SETTING_BPS_SEC_START = 0x100a240
                0x00000010                        OPTION_SETTING_BPS_SEC_LENGTH = 0x10
                0x0100a260                        OPTION_SETTING_PBPS_SEC_START = 0x100a260
                0x00000010                        OPTION_SETTING_PBPS_SEC_LENGTH = 0x10
                0x0100a280                        OPTION_SETTING_OFS1_SEL_START = 0x100a280
                0x00000004                        OPTION_SETTING_OFS1_SEL_LENGTH = 0x4
                0x0100a290                        OPTION_SETTING_BANKSEL_SEL_START = 0x100a290
                0x00000004                        OPTION_SETTING_BANKSEL_SEL_LENGTH = 0x4
                0x0100a2c0                        OPTION_SETTING_BPS_SEL_START = 0x100a2c0
                0x00000010                        OPTION_SETTING_BPS_SEL_LENGTH = 0x10

.qspi_flash.startof
                0x60000000        0x0
                0x60000000                        __ddsc_QSPI_FLASH_START = .

.ospi0_cs0.startof
                0x68000000        0x0
                0x68000000                        __ddsc_OSPI0_CS0_START = .

__ospi0_cs0_from_qspi_flash$$
                0x68000000        0x0 load address 0x60000000
                0x68000000                        __ospi0_cs0_from_qspi_flash$$Base = .
                0x60000000                        __ospi0_cs0_from_qspi_flash$$Load = LOADADDR (__ospi0_cs0_from_qspi_flash$$)
 *(.ospi0_cs0_from_qspi_flash)
 *(.ospi0_cs0_code_from_qspi_flash)
                0x68000000                        __ospi0_cs0_from_qspi_flash$$Limit = .

.ram.startof    0x20000000        0x0
                0x20000000                        __ddsc_RAM_START = .

__ram_dtc_vector$$
                0x20000000        0x0
                0x20000000                        __ram_dtc_vector$$Base = .
 *(.fsp_dtc_vector_table)
                0x20000000                        __ram_dtc_vector$$Limit = .

__ram_from_qspi_flash$$
                0x20000000        0x0 load address 0x60000000
                0x20000000                        __ram_from_qspi_flash$$Base = .
                0x60000000                        __ram_from_qspi_flash$$Load = LOADADDR (__ram_from_qspi_flash$$)
 *(.ram_from_qspi_flash)
 *(.ram_code_from_qspi_flash)
                0x20000000                        __ram_from_qspi_flash$$Limit = .

__qspi_flash_readonly$$
                0x60000000        0x0
                0x60000000                        __qspi_flash_readonly$$Base = .
 *(.qspi_flash)
 *(.qspi_flash_code)
                0x60000000                        __qspi_flash_readonly$$Limit = .

__qspi_flash_noinit$$
                0x60000000        0x0
                0x60000000                        __qspi_flash_noinit$$Base = .
 *(.qspi_flash_noinit)
                0x60000000                        __qspi_flash_noinit$$Limit = .

.qspi_flash.endof
                0x60000000        0x0
                0x60000000                        __ddsc_QSPI_FLASH_END = .

.ospi0_cs1.startof
                0x70000000        0x0
                0x70000000                        __ddsc_OSPI0_CS1_START = .

__ospi0_cs0_from_ospi0_cs1$$
                0x68000000        0x0 load address 0x70000000
                0x68000000                        __ospi0_cs0_from_ospi0_cs1$$Base = .
                0x70000000                        __ospi0_cs0_from_ospi0_cs1$$Load = LOADADDR (__ospi0_cs0_from_ospi0_cs1$$)
 *(.ospi0_cs0_from_ospi0_cs1)
 *(.ospi0_cs0_code_from_ospi0_cs1)
                0x68000000                        __ospi0_cs0_from_ospi0_cs1$$Limit = .

__ram_from_ospi0_cs1$$
                0x20000000        0x0 load address 0x70000000
                0x20000000                        __ram_from_ospi0_cs1$$Base = .
                0x70000000                        __ram_from_ospi0_cs1$$Load = LOADADDR (__ram_from_ospi0_cs1$$)
 *(.ram_from_ospi0_cs1)
 *(.ram_code_from_ospi0_cs1)
                0x20000000                        __ram_from_ospi0_cs1$$Limit = .

__ospi0_cs1_readonly$$
                0x70000000        0x0
                0x70000000                        __ospi0_cs1_readonly$$Base = .
 *(.ospi0_cs1)
 *(.ospi0_cs1_code)
                0x70000000                        __ospi0_cs1_readonly$$Limit = .

__ospi0_cs1_noinit$$
                0x70000000        0x0
                0x70000000                        __ospi0_cs1_noinit$$Base = .
 *(.ospi0_cs1_noinit)
                0x70000000                        __ospi0_cs1_noinit$$Limit = .

.ospi0_cs1.endof
                0x70000000        0x0
                0x70000000                        __ddsc_OSPI0_CS1_END = .

.data_flash.startof
                0x08000000        0x0
                0x08000000                        __ddsc_DATA_FLASH_START = .

__ospi0_cs0_from_data_flash$$
                0x68000000        0x0 load address 0x08000000
                0x68000000                        __ospi0_cs0_from_data_flash$$Base = .
                0x08000000                        __ospi0_cs0_from_data_flash$$Load = LOADADDR (__ospi0_cs0_from_data_flash$$)
 *(.ospi0_cs0_from_data_flash)
 *(.ospi0_cs0_code_from_data_flash)
                0x68000000                        __ospi0_cs0_from_data_flash$$Limit = .

__ram_from_data_flash$$
                0x20000000        0x0 load address 0x08000000
                0x20000000                        __ram_from_data_flash$$Base = .
                0x08000000                        __ram_from_data_flash$$Load = LOADADDR (__ram_from_data_flash$$)
 *(.ram_from_data_flash)
 *(.ram_code_from_data_flash)
                0x20000000                        __ram_from_data_flash$$Limit = .

__data_flash_readonly$$
                0x08000000        0x0
                0x08000000                        __data_flash_readonly$$Base = .
 *(.data_flash)
 *(.data_flash_code)
                0x08000000                        __data_flash_readonly$$Limit = .

__data_flash_noinit$$
                0x08000000        0x0
                0x08000000                        __data_flash_noinit$$Base = .
 *(.data_flash_noinit)
                0x08000000                        __data_flash_noinit$$Limit = .

.data_flash.endof
                0x08000000        0x0
                0x08000000                        __ddsc_DATA_FLASH_END = .

.flash.startof  0x00000000        0x0
                0x00000000                        __ddsc_FLASH_START = .

__flash_vectors$$
                0x00000000      0x1c0
                0x00000000                        __flash_vectors$$Base = .
                0x00000000                        _VECTORS = .
 *(.fixed_vectors)
 .fixed_vectors
                0x00000000       0x40 CMakeFiles/TESTING_2.elf.dir/src/startup.c.obj
 *(.application_vectors)
 .application_vectors
                0x00000040      0x180 CMakeFiles/TESTING_2.elf.dir/src/startup.c.obj
                0x000001c0                        __flash_vectors$$Limit = .

.eh_frame       0x000001c0        0x0
 .eh_frame      0x000001c0        0x0 C:/PROGRA~2/ARMGNU~1/14EFD8~1.2RE/bin/../lib/gcc/arm-none-eabi/14.2.1/thumb/v8-m.main+fp/hard/crtbegin.o

__flash_noinit$$
                0x000001c0        0x0
                0x000001c0                        __flash_noinit$$Base = .
 *(.flash_noinit)
                0x000001c0                        __flash_noinit$$Limit = .

__ospi0_cs0_from_flash$$
                0x68000000        0x0 load address 0x000001c0
                0x68000000                        __ospi0_cs0_from_flash$$Base = .
                0x000001c0                        __ospi0_cs0_from_flash$$Load = LOADADDR (__ospi0_cs0_from_flash$$)
 *(.ospi0_cs0_from_flash)
 *(.ospi0_cs0_code_from_flash)
                0x68000000                        __ospi0_cs0_from_flash$$Limit = .

__ospi0_cs0_noinit_nocache$$
                0x68000000        0x0
                0x68000000                        __ospi0_cs0_noinit_nocache$$Base = .
 *(.ospi0_cs0_noinit_nocache)
                0x68000000                        __ospi0_cs0_noinit_nocache$$Limit = .

__ospi0_cs0_zero_nocache$$
                0x68000000        0x0
                0x68000000                        __ospi0_cs0_zero_nocache$$Base = .
 *(.ospi0_cs0_nocache)
                0x68000000                        . = ALIGN (0x20)
                0x68000000                        __ospi0_cs0_zero_nocache$$Limit = .

__ospi0_cs0_noinit$$
                0x68000000        0x0
                0x68000000                        __ospi0_cs0_noinit$$Base = .
 *(.ospi0_cs0_noinit)
                0x68000000                        __ospi0_cs0_noinit$$Limit = .

__ospi0_cs0_zero$$
                0x68000000        0x0
                0x68000000                        __ospi0_cs0_zero$$Base = .
 *(.ospi0_cs0)
                0x68000000                        __ospi0_cs0_zero$$Limit = .

.ospi0_cs0.endof
                0x68000000        0x0
                0x68000000                        __ddsc_OSPI0_CS0_END = .

__ram_from_flash$$
                0x20000000        0x0 load address 0x000001c0
                0x20000000                        __ram_from_flash$$Base = .
                0x000001c0                        __ram_from_flash$$Load = LOADADDR (__ram_from_flash$$)
 *(.ram_from_flash)
 *(.ram_code_from_flash)
 *(.data*)
 *(vtable)
                0x20000000                        __ram_from_flash$$Limit = .

__ram_noinit_nocache$$
                0x20000000        0x0
                0x20000000                        __ram_noinit_nocache$$Base = .
 *(.ram_noinit_nocache)
                0x20000000                        __ram_noinit_nocache$$Limit = .

__ram_zero_nocache$$
                0x20000000        0x0
                0x20000000                        __ram_zero_nocache$$Base = .
 *(.ram_nocache)
                0x20000000                        . = ALIGN (0x20)
                0x20000000                        __ram_zero_nocache$$Limit = .

__ram_noinit$$  0x20000000     0x1000
                0x20000000                        __ram_noinit$$Base = .
 *(.bss.g_heap)
 *(.bss.g_main_stack)
 .bss.g_main_stack
                0x20000000     0x1000 CMakeFiles/TESTING_2.elf.dir/src/startup.c.obj
 *(.ram_noinit)
 *(.noinit)
                0x20001000                        __ram_noinit$$Limit = .

__ram_zero$$    0x20001000       0x1c
                0x20001000                        __ram_zero$$Base = .
 *(.ram)
 *(.bss*)
 .bss.completed.1
                0x20001000        0x1 C:/PROGRA~2/ARMGNU~1/14EFD8~1.2RE/bin/../lib/gcc/arm-none-eabi/14.2.1/thumb/v8-m.main+fp/hard/crtbegin.o
 *fill*         0x20001001        0x3 
 .bss.object.0  0x20001004       0x18 C:/PROGRA~2/ARMGNU~1/14EFD8~1.2RE/bin/../lib/gcc/arm-none-eabi/14.2.1/thumb/v8-m.main+fp/hard/crtbegin.o
                0x2000101c                        __ram_zero$$Limit = .

__ram_tdata$$   0x2000101c        0x0 load address 0x000001c0
                0x2000101c                        __ram_tdata$$Base = .
                0x000001c0                        __ram_tdata$$Load = LOADADDR (__ram_tdata$$)
 *(.tdata)
 *(.tdata.*)
 *(.gnu.linkonce.td.*)
                0x2000101c                        __ram_tdata$$Limit = .

__ram_tbss$$    0x2000101c        0x0 load address 0x000001c0
                0x2000101c                        __ram_tbss$$Base = .
 *(.tbss)
 *(.tbss.*)
 *(.gnu.linkonce.tb.*)
 *(.tcommon)
                0x2000101c                        __ram_tbss$$Limit = .

__ram_thread_stack$$
                0x20001020        0x0
                0x20001020                        __ram_thread_stack$$Base = .
 *(.stack?*)
                0x20001020                        __ram_thread_stack$$Limit = .

.ram.endof      0x20001400        0x0
                0x20001400                        __ddsc_RAM_END = .

.ram.flat_nsc   0x20001400        0x0
                0x20001400                        __ddsc_RAM_NSC = .

__flash_readonly$$
                0x000001c0      0xd04
                0x000001c0                        __flash_readonly$$Base = .
 *(.flash)
 *(.flash_code)
 *(.text*)
 .text.deregister_tm_clones
                0x000001c0       0x1c C:/PROGRA~2/ARMGNU~1/14EFD8~1.2RE/bin/../lib/gcc/arm-none-eabi/14.2.1/thumb/v8-m.main+fp/hard/crtbegin.o
 .text.register_tm_clones
                0x000001dc       0x28 C:/PROGRA~2/ARMGNU~1/14EFD8~1.2RE/bin/../lib/gcc/arm-none-eabi/14.2.1/thumb/v8-m.main+fp/hard/crtbegin.o
 .text.__do_global_dtors_aux
                0x00000204       0x28 C:/PROGRA~2/ARMGNU~1/14EFD8~1.2RE/bin/../lib/gcc/arm-none-eabi/14.2.1/thumb/v8-m.main+fp/hard/crtbegin.o
 .text.frame_dummy
                0x0000022c       0x24 C:/PROGRA~2/ARMGNU~1/14EFD8~1.2RE/bin/../lib/gcc/arm-none-eabi/14.2.1/thumb/v8-m.main+fp/hard/crtbegin.o
 .text.GPIO_PortToIndex
                0x00000250       0x40 CMakeFiles/TESTING_2.elf.dir/Driver/Source/GPIO.c.obj
                0x00000250                GPIO_PortToIndex
 .text.GPIO_Config
                0x00000290      0x1d4 CMakeFiles/TESTING_2.elf.dir/Driver/Source/GPIO.c.obj
                0x00000290                GPIO_Config
 .text.GPIO_Write_Pin
                0x00000464       0x5c CMakeFiles/TESTING_2.elf.dir/Driver/Source/GPIO.c.obj
                0x00000464                GPIO_Write_Pin
 .text.LPM_Unlock
                0x000004c0       0xe0 CMakeFiles/TESTING_2.elf.dir/Driver/Source/LPM.c.obj
                0x000004c0                LPM_Unlock
 .text.RWP_Unlock_Clock_MSTP
                0x000005a0       0x1c CMakeFiles/TESTING_2.elf.dir/Driver/Source/RWP.c.obj
                0x000005a0                RWP_Unlock_Clock_MSTP
 .text.RWP_Lock_Clock_MSTP
                0x000005bc       0x1c CMakeFiles/TESTING_2.elf.dir/Driver/Source/RWP.c.obj
                0x000005bc                RWP_Lock_Clock_MSTP
 .text.SCI_Clock_Init
                0x000005d8       0x22 CMakeFiles/TESTING_2.elf.dir/Driver/Source/SCI.c.obj
                0x000005d8                SCI_Clock_Init
 *fill*         0x000005fa        0x2 
 .text.UART_PinConfig
                0x000005fc      0x220 CMakeFiles/TESTING_2.elf.dir/Driver/Source/SCI.c.obj
                0x000005fc                UART_PinConfig
 .text.UART_Init
                0x0000081c      0x264 CMakeFiles/TESTING_2.elf.dir/Driver/Source/SCI.c.obj
                0x0000081c                UART_Init
 .text.UART_SendChar
                0x00000a80      0x12c CMakeFiles/TESTING_2.elf.dir/Driver/Source/SCI.c.obj
                0x00000a80                UART_SendChar
 .text.UART_SendString
                0x00000bac       0x36 CMakeFiles/TESTING_2.elf.dir/Driver/Source/SCI.c.obj
                0x00000bac                UART_SendString
 .text.delay_ms
                0x00000be2       0x30 CMakeFiles/TESTING_2.elf.dir/src/main.c.obj
 .text.led_init
                0x00000c12       0x1e CMakeFiles/TESTING_2.elf.dir/src/main.c.obj
 .text.led_blink
                0x00000c30       0x48 CMakeFiles/TESTING_2.elf.dir/src/main.c.obj
 .text.uart_self_test
                0x00000c78       0xa4 CMakeFiles/TESTING_2.elf.dir/src/main.c.obj
 .text.main     0x00000d1c       0x80 CMakeFiles/TESTING_2.elf.dir/src/main.c.obj
                0x00000d1c                main
 .text.Default_Handler
                0x00000d9c        0x8 CMakeFiles/TESTING_2.elf.dir/src/startup.c.obj
                0x00000d9c                DebugMon_Handler
                0x00000d9c                HardFault_Handler
                0x00000d9c                SysTick_Handler
                0x00000d9c                PendSV_Handler
                0x00000d9c                NMI_Handler
                0x00000d9c                UsageFault_Handler
                0x00000d9c                SecureFault_Handler
                0x00000d9c                Default_Handler
                0x00000d9c                MemManage_Handler
                0x00000d9c                SVC_Handler
                0x00000d9c                BusFault_Handler
 .text.Reset_Handler
                0x00000da4       0x98 CMakeFiles/TESTING_2.elf.dir/src/startup.c.obj
                0x00000da4                Reset_Handler
 *(.rodata*)
 .rodata        0x00000e3c       0x88 CMakeFiles/TESTING_2.elf.dir/src/main.c.obj
 *(.mcuboot_sce9_key)
 *(.version)
                0x00000ec4                        __flash_readonly$$Limit = .

.glue_7         0x00000ec4        0x0
 .glue_7        0x00000ec4        0x0 linker stubs

.glue_7t        0x00000ec4        0x0
 .glue_7t       0x00000ec4        0x0 linker stubs

.vfp11_veneer   0x00000ec4        0x0
 .vfp11_veneer  0x00000ec4        0x0 linker stubs

.v4_bx          0x00000ec4        0x0
 .v4_bx         0x00000ec4        0x0 linker stubs

.init           0x00000ec4        0x4
 .init          0x00000ec4        0x4 C:/PROGRA~2/ARMGNU~1/14EFD8~1.2RE/bin/../lib/gcc/arm-none-eabi/14.2.1/thumb/v8-m.main+fp/hard/crti.o
                0x00000ec4                _init

.fini           0x00000ec8        0x4
 .fini          0x00000ec8        0x4 C:/PROGRA~2/ARMGNU~1/14EFD8~1.2RE/bin/../lib/gcc/arm-none-eabi/14.2.1/thumb/v8-m.main+fp/hard/crti.o
                0x00000ec8                _fini

.iplt           0x00000ecc        0x0
 .iplt          0x00000ecc        0x0 C:/PROGRA~2/ARMGNU~1/14EFD8~1.2RE/bin/../lib/gcc/arm-none-eabi/14.2.1/thumb/v8-m.main+fp/hard/crtbegin.o

.rel.dyn        0x00000ecc        0x0
 .rel.iplt      0x00000ecc        0x0 C:/PROGRA~2/ARMGNU~1/14EFD8~1.2RE/bin/../lib/gcc/arm-none-eabi/14.2.1/thumb/v8-m.main+fp/hard/crtbegin.o

.tm_clone_table
                0x00000ecc        0x0
 .tm_clone_table
                0x00000ecc        0x0 C:/PROGRA~2/ARMGNU~1/14EFD8~1.2RE/bin/../lib/gcc/arm-none-eabi/14.2.1/thumb/v8-m.main+fp/hard/crtbegin.o
 .tm_clone_table
                0x00000ecc        0x0 C:/PROGRA~2/ARMGNU~1/14EFD8~1.2RE/bin/../lib/gcc/arm-none-eabi/14.2.1/thumb/v8-m.main+fp/hard/crtend.o

.igot.plt       0x00000ecc        0x0
 .igot.plt      0x00000ecc        0x0 C:/PROGRA~2/ARMGNU~1/14EFD8~1.2RE/bin/../lib/gcc/arm-none-eabi/14.2.1/thumb/v8-m.main+fp/hard/crtbegin.o

__flash_ctor$$
 *crtbegin.o(.ctors)
 *crtbegin?.o(.ctors)
 EXCLUDE_FILE(*crtend.o *crtend?.o) *(.ctors)
 *(SORT_BY_NAME(.ctors.*))
 *(.ctors)
 *crtbegin.o(.dtors)
 *crtbegin?.o(.dtors)
 EXCLUDE_FILE(*crtend.o *crtend?.o) *(.dtors)
 *(SORT_BY_NAME(.dtors.*))
 *(.dtors)

__flash_preinit_array$$
                0x00000ecc        0x0
                0x00000ecc                        __preinit_array_start = .
 *(.preinit_array)
                0x00000ecc                        __preinit_array_end = .

__flash_.got$$
 *(.got.plt)
 *(.got)

__flash_init_array$$
                0x00000ecc        0x4
                0x00000ecc                        __init_array_start = .
 *(SORT_BY_NAME(.init_array.*))
 *(.init_array)
 .init_array    0x00000ecc        0x4 C:/PROGRA~2/ARMGNU~1/14EFD8~1.2RE/bin/../lib/gcc/arm-none-eabi/14.2.1/thumb/v8-m.main+fp/hard/crtbegin.o
                0x00000ed0                        __init_array_end = .

__flash_fini_array$$
                0x00000ed0        0x4
                0x00000ed0                        __fini_array_start = .
 *(SORT_BY_NAME(.fini_array.*))
 *(.fini_array)
 .fini_array    0x00000ed0        0x4 C:/PROGRA~2/ARMGNU~1/14EFD8~1.2RE/bin/../lib/gcc/arm-none-eabi/14.2.1/thumb/v8-m.main+fp/hard/crtbegin.o
                0x00000ed4                        __fini_array_end = .

/DISCARD/
 *(.ARM.extab*)
 *(.gnu.linkonce.armextab.*)
 *(.ARM.exidx*)
 *(.gnu.linkonce.armexidx.*)

__flash_arm.exidx$$
                0x00000ed4        0x0
                0x00000ed4                        __exidx_start = .
                0x00000ed4                        __exidx_end = .

.flash.endof    0x00001000        0x0
                0x00001000                        __ddsc_FLASH_END = .

.flash.flat_nsc
                0x00001000        0x0
                0x00001000                        __ddsc_FLASH_NSC = .

.option_setting_ofs0.startof
                0x0100a100        0x0
                0x0100a100                        __ddsc_OPTION_SETTING_OFS0_START = .

__option_setting_ofs0_reg$$
                0x0100a100        0x0
                0x0100a100                        __option_setting_ofs0_reg$$Base = .
 *(.option_setting_ofs0)
                0x0100a100                        __option_setting_ofs0_reg$$Limit = .

.option_setting_ofs0.endof
                0x0100a100        0x0
                0x0100a100                        __ddsc_OPTION_SETTING_OFS0_END = .

.option_setting_dualsel.startof
                0x0100a110        0x0
                0x0100a110                        __ddsc_OPTION_SETTING_DUALSEL_START = .

__option_setting_dualsel_reg$$
                0x0100a110        0x0
                0x0100a110                        __option_setting_dualsel_reg$$Base = .
 *(.option_setting_dualsel)
                0x0100a110                        __option_setting_dualsel_reg$$Limit = .

.option_setting_dualsel.endof
                0x0100a110        0x0
                0x0100a110                        __ddsc_OPTION_SETTING_DUALSEL_END = .

.option_setting_ofs1.startof
                0x0100a180        0x0
                0x0100a180                        __ddsc_OPTION_SETTING_OFS1_START = .

__option_setting_ofs1_reg$$
                0x0100a180        0x0
                0x0100a180                        __option_setting_ofs1_reg$$Base = .
 *(.option_setting_ofs1)
                0x0100a180                        __option_setting_ofs1_reg$$Limit = .

.option_setting_ofs1.endof
                0x0100a180        0x0
                0x0100a180                        __ddsc_OPTION_SETTING_OFS1_END = .

.option_setting_banksel.startof
                0x0100a190        0x0
                0x0100a190                        __ddsc_OPTION_SETTING_BANKSEL_START = .

__option_setting_banksel_reg$$
                0x0100a190        0x0
                0x0100a190                        __option_setting_banksel_reg$$Base = .
 *(.option_setting_banksel)
                0x0100a190                        __option_setting_banksel_reg$$Limit = .

.option_setting_banksel.endof
                0x0100a190        0x0
                0x0100a190                        __ddsc_OPTION_SETTING_BANKSEL_END = .

.option_setting_bps.startof
                0x0100a1c0        0x0
                0x0100a1c0                        __ddsc_OPTION_SETTING_BPS_START = .

__option_setting_bps_reg$$
                0x0100a1c0        0x0
                0x0100a1c0                        __option_setting_bps_reg$$Base = .
 *(.option_setting_bps)
                0x0100a1c0                        __option_setting_bps_reg$$Limit = .

.option_setting_bps.endof
                0x0100a1c0        0x0
                0x0100a1c0                        __ddsc_OPTION_SETTING_BPS_END = .

.option_setting_pbps.startof
                0x0100a1e0        0x0
                0x0100a1e0                        __ddsc_OPTION_SETTING_PBPS_START = .

__option_setting_pbps_reg$$
                0x0100a1e0        0x0
                0x0100a1e0                        __option_setting_pbps_reg$$Base = .
 *(.option_setting_pbps)
                0x0100a1e0                        __option_setting_pbps_reg$$Limit = .

.option_setting_pbps.endof
                0x0100a1e0        0x0
                0x0100a1e0                        __ddsc_OPTION_SETTING_PBPS_END = .

.option_setting_ofs1_sec.startof
                0x0100a200        0x0
                0x0100a200                        __ddsc_OPTION_SETTING_OFS1_SEC_START = .

__option_setting_ofs1_sec_reg$$
                0x0100a200        0x0
                0x0100a200                        __option_setting_ofs1_sec_reg$$Base = .
 *(.option_setting_ofs1_sec)
                0x0100a200                        __option_setting_ofs1_sec_reg$$Limit = .

.option_setting_ofs1_sec.endof
                0x0100a200        0x0
                0x0100a200                        __ddsc_OPTION_SETTING_OFS1_SEC_END = .

.option_setting_banksel_sec.startof
                0x0100a210        0x0
                0x0100a210                        __ddsc_OPTION_SETTING_BANKSEL_SEC_START = .

__option_setting_banksel_sec_reg$$
                0x0100a210        0x0
                0x0100a210                        __option_setting_banksel_sec_reg$$Base = .
 *(.option_setting_banksel_sec)
                0x0100a210                        __option_setting_banksel_sec_reg$$Limit = .

.option_setting_banksel_sec.endof
                0x0100a210        0x0
                0x0100a210                        __ddsc_OPTION_SETTING_BANKSEL_SEC_END = .

.option_setting_bps_sec.startof
                0x0100a240        0x0
                0x0100a240                        __ddsc_OPTION_SETTING_BPS_SEC_START = .

__option_setting_bps_sec_reg$$
                0x0100a240        0x0
                0x0100a240                        __option_setting_bps_sec_reg$$Base = .
 *(.option_setting_bps_sec)
                0x0100a240                        __option_setting_bps_sec_reg$$Limit = .

.option_setting_bps_sec.endof
                0x0100a240        0x0
                0x0100a240                        __ddsc_OPTION_SETTING_BPS_SEC_END = .

.option_setting_pbps_sec.startof
                0x0100a260        0x0
                0x0100a260                        __ddsc_OPTION_SETTING_PBPS_SEC_START = .

__option_setting_pbps_sec_reg$$
                0x0100a260        0x0
                0x0100a260                        __option_setting_pbps_sec_reg$$Base = .
 *(.option_setting_pbps_sec)
                0x0100a260                        __option_setting_pbps_sec_reg$$Limit = .

.option_setting_pbps_sec.endof
                0x0100a260        0x0
                0x0100a260                        __ddsc_OPTION_SETTING_PBPS_SEC_END = .

.option_setting_ofs1_sel.startof
                0x0100a280        0x0
                0x0100a280                        __ddsc_OPTION_SETTING_OFS1_SEL_START = .

__option_setting_ofs1_sel_reg$$
                0x0100a280        0x0
                0x0100a280                        __option_setting_ofs1_sel_reg$$Base = .
 *(.option_setting_ofs1_sel)
                0x0100a280                        __option_setting_ofs1_sel_reg$$Limit = .

.option_setting_ofs1_sel.endof
                0x0100a280        0x0
                0x0100a280                        __ddsc_OPTION_SETTING_OFS1_SEL_END = .

.option_setting_banksel_sel.startof
                0x0100a290        0x0
                0x0100a290                        __ddsc_OPTION_SETTING_BANKSEL_SEL_START = .

__option_setting_banksel_sel_reg$$
                0x0100a290        0x0
                0x0100a290                        __option_setting_banksel_sel_reg$$Base = .
 *(.option_setting_banksel_sel)
                0x0100a290                        __option_setting_banksel_sel_reg$$Limit = .

.option_setting_banksel_sel.endof
                0x0100a290        0x0
                0x0100a290                        __ddsc_OPTION_SETTING_BANKSEL_SEL_END = .

.option_setting_bps_sel.startof
                0x0100a2c0        0x0
                0x0100a2c0                        __ddsc_OPTION_SETTING_BPS_SEL_START = .

__option_setting_bps_sel_reg$$
                0x0100a2c0        0x0
                0x0100a2c0                        __option_setting_bps_sel_reg$$Base = .
 *(.option_setting_bps_sel)
                0x0100a2c0                        __option_setting_bps_sel_reg$$Limit = .

.option_setting_bps_sel.endof
                0x0100a2c0        0x0
                0x0100a2c0                        __ddsc_OPTION_SETTING_BPS_SEL_END = .
                [!provide]                        PROVIDE (__tls_base = ADDR (__ram_tdata$$))
                [!provide]                        PROVIDE (__tdata_source = LOADADDR (__ram_tdata$$))
                [!provide]                        PROVIDE (__tdata_size = SIZEOF (__ram_tdata$$))
                [!provide]                        PROVIDE (__tbss_offset = (ADDR (__ram_tbss$$) - ADDR (__ram_tdata$$)))
                [!provide]                        PROVIDE (__tbss_size = SIZEOF (__ram_tbss$$))
                [!provide]                        PROVIDE (__arm32_tls_tcb_offset = 0x8)
                [!provide]                        PROVIDE (_estack = (RAM_START + RAM_LENGTH))
                0x20000000                        PROVIDE (_sdata = __ram_from_flash$$Base)
                0x20000000                        PROVIDE (_edata = __ram_from_flash$$Limit)
                0x000001c0                        PROVIDE (_sidata = __ram_from_flash$$Load)
                0x20001000                        PROVIDE (_sbss = __ram_zero$$Base)
                0x2000101c                        PROVIDE (_ebss = __ram_zero$$Limit)
OUTPUT(TESTING_2.elf elf32-littlearm)
LOAD linker stubs

.ARM.attributes
                0x00000000       0x36
 .ARM.attributes
                0x00000000       0x26 C:/PROGRA~2/ARMGNU~1/14EFD8~1.2RE/bin/../lib/gcc/arm-none-eabi/14.2.1/thumb/v8-m.main+fp/hard/crti.o
 .ARM.attributes
                0x00000026       0x38 C:/PROGRA~2/ARMGNU~1/14EFD8~1.2RE/bin/../lib/gcc/arm-none-eabi/14.2.1/thumb/v8-m.main+fp/hard/crtbegin.o
 .ARM.attributes
                0x0000005e       0x3a CMakeFiles/TESTING_2.elf.dir/Driver/Source/GPIO.c.obj
 .ARM.attributes
                0x00000098       0x3a CMakeFiles/TESTING_2.elf.dir/Driver/Source/LPM.c.obj
 .ARM.attributes
                0x000000d2       0x3a CMakeFiles/TESTING_2.elf.dir/Driver/Source/RWP.c.obj
 .ARM.attributes
                0x0000010c       0x3a CMakeFiles/TESTING_2.elf.dir/Driver/Source/SCI.c.obj
 .ARM.attributes
                0x00000146       0x3a CMakeFiles/TESTING_2.elf.dir/src/main.c.obj
 .ARM.attributes
                0x00000180       0x3a CMakeFiles/TESTING_2.elf.dir/src/startup.c.obj
 .ARM.attributes
                0x000001ba       0x38 C:/PROGRA~2/ARMGNU~1/14EFD8~1.2RE/bin/../lib/gcc/arm-none-eabi/14.2.1/thumb/v8-m.main+fp/hard/crtend.o

.comment        0x00000000       0x45
 .comment       0x00000000       0x45 CMakeFiles/TESTING_2.elf.dir/Driver/Source/GPIO.c.obj
                                 0x46 (size before relaxing)
 .comment       0x00000045       0x46 CMakeFiles/TESTING_2.elf.dir/Driver/Source/LPM.c.obj
 .comment       0x00000045       0x46 CMakeFiles/TESTING_2.elf.dir/Driver/Source/RWP.c.obj
 .comment       0x00000045       0x46 CMakeFiles/TESTING_2.elf.dir/Driver/Source/SCI.c.obj
 .comment       0x00000045       0x46 CMakeFiles/TESTING_2.elf.dir/src/main.c.obj
 .comment       0x00000045       0x46 CMakeFiles/TESTING_2.elf.dir/src/startup.c.obj

.debug_info     0x00000000      0xdb2
 .debug_info    0x00000000      0x2d4 CMakeFiles/TESTING_2.elf.dir/Driver/Source/GPIO.c.obj
 .debug_info    0x000002d4      0x116 CMakeFiles/TESTING_2.elf.dir/Driver/Source/LPM.c.obj
 .debug_info    0x000003ea       0xbd CMakeFiles/TESTING_2.elf.dir/Driver/Source/RWP.c.obj
 .debug_info    0x000004a7      0x39a CMakeFiles/TESTING_2.elf.dir/Driver/Source/SCI.c.obj
 .debug_info    0x00000841      0x398 CMakeFiles/TESTING_2.elf.dir/src/main.c.obj
 .debug_info    0x00000bd9      0x1d9 CMakeFiles/TESTING_2.elf.dir/src/startup.c.obj

.debug_abbrev   0x00000000      0x591
 .debug_abbrev  0x00000000       0xe5 CMakeFiles/TESTING_2.elf.dir/Driver/Source/GPIO.c.obj
 .debug_abbrev  0x000000e5       0x7f CMakeFiles/TESTING_2.elf.dir/Driver/Source/LPM.c.obj
 .debug_abbrev  0x00000164       0x52 CMakeFiles/TESTING_2.elf.dir/Driver/Source/RWP.c.obj
 .debug_abbrev  0x000001b6      0x16f CMakeFiles/TESTING_2.elf.dir/Driver/Source/SCI.c.obj
 .debug_abbrev  0x00000325      0x15c CMakeFiles/TESTING_2.elf.dir/src/main.c.obj
 .debug_abbrev  0x00000481      0x110 CMakeFiles/TESTING_2.elf.dir/src/startup.c.obj

.debug_aranges  0x00000000      0x130
 .debug_aranges
                0x00000000       0x38 CMakeFiles/TESTING_2.elf.dir/Driver/Source/GPIO.c.obj
 .debug_aranges
                0x00000038       0x20 CMakeFiles/TESTING_2.elf.dir/Driver/Source/LPM.c.obj
 .debug_aranges
                0x00000058       0x28 CMakeFiles/TESTING_2.elf.dir/Driver/Source/RWP.c.obj
 .debug_aranges
                0x00000080       0x48 CMakeFiles/TESTING_2.elf.dir/Driver/Source/SCI.c.obj
 .debug_aranges
                0x000000c8       0x40 CMakeFiles/TESTING_2.elf.dir/src/main.c.obj
 .debug_aranges
                0x00000108       0x28 CMakeFiles/TESTING_2.elf.dir/src/startup.c.obj

.debug_rnglists
                0x00000000       0xcf
 .debug_rnglists
                0x00000000       0x26 CMakeFiles/TESTING_2.elf.dir/Driver/Source/GPIO.c.obj
 .debug_rnglists
                0x00000026       0x14 CMakeFiles/TESTING_2.elf.dir/Driver/Source/LPM.c.obj
 .debug_rnglists
                0x0000003a       0x19 CMakeFiles/TESTING_2.elf.dir/Driver/Source/RWP.c.obj
 .debug_rnglists
                0x00000053       0x35 CMakeFiles/TESTING_2.elf.dir/Driver/Source/SCI.c.obj
 .debug_rnglists
                0x00000088       0x2d CMakeFiles/TESTING_2.elf.dir/src/main.c.obj
 .debug_rnglists
                0x000000b5       0x1a CMakeFiles/TESTING_2.elf.dir/src/startup.c.obj

.debug_line     0x00000000      0xcfa
 .debug_line    0x00000000      0x23b CMakeFiles/TESTING_2.elf.dir/Driver/Source/GPIO.c.obj
 .debug_line    0x0000023b      0x19c CMakeFiles/TESTING_2.elf.dir/Driver/Source/LPM.c.obj
 .debug_line    0x000003d7      0x120 CMakeFiles/TESTING_2.elf.dir/Driver/Source/RWP.c.obj
 .debug_line    0x000004f7      0x46f CMakeFiles/TESTING_2.elf.dir/Driver/Source/SCI.c.obj
 .debug_line    0x00000966      0x23b CMakeFiles/TESTING_2.elf.dir/src/main.c.obj
 .debug_line    0x00000ba1      0x159 CMakeFiles/TESTING_2.elf.dir/src/startup.c.obj

.debug_str      0x00000000      0x6cc
 .debug_str     0x00000000      0x6cc CMakeFiles/TESTING_2.elf.dir/Driver/Source/GPIO.c.obj
                                0x3f6 (size before relaxing)
 .debug_str     0x000006cc      0x232 CMakeFiles/TESTING_2.elf.dir/Driver/Source/LPM.c.obj
 .debug_str     0x000006cc      0x20e CMakeFiles/TESTING_2.elf.dir/Driver/Source/RWP.c.obj
 .debug_str     0x000006cc      0x35d CMakeFiles/TESTING_2.elf.dir/Driver/Source/SCI.c.obj
 .debug_str     0x000006cc      0x460 CMakeFiles/TESTING_2.elf.dir/src/main.c.obj
 .debug_str     0x000006cc      0x272 CMakeFiles/TESTING_2.elf.dir/src/startup.c.obj

.debug_frame    0x00000000      0x328
 .debug_frame   0x00000000       0xa8 CMakeFiles/TESTING_2.elf.dir/Driver/Source/GPIO.c.obj
 .debug_frame   0x000000a8       0x38 CMakeFiles/TESTING_2.elf.dir/Driver/Source/LPM.c.obj
 .debug_frame   0x000000e0       0x50 CMakeFiles/TESTING_2.elf.dir/Driver/Source/RWP.c.obj
 .debug_frame   0x00000130       0xf4 CMakeFiles/TESTING_2.elf.dir/Driver/Source/SCI.c.obj
 .debug_frame   0x00000224       0xbc CMakeFiles/TESTING_2.elf.dir/src/main.c.obj
 .debug_frame   0x000002e0       0x48 CMakeFiles/TESTING_2.elf.dir/src/startup.c.obj
